==> equivalence sweep timestamp: 2026-05-23T12-31-44Z
==> method-mix: all-fifo
==> outdir: results/phase6/equivalence

==> s1 lenient at 12:31:44
    exit=0 log=results/phase6/equivalence/s1-lenient-all-fifo-2026-05-23T12-31-44Z.log
    | [equivalence] scenario=s1 callers=10 submissions/caller=50 total=500
    | [equivalence] running Path A (direct)...
    | [equivalence] direct: 500 trx, 522 trx_line, 228 pool_state, 522 posting_line, 0 provisional (1.39s)
    | [equivalence] resetting + reseeding universe for Path B...
    | seed-pools: 100 pools, 10 skus, 10 locations, mix=AllFifo → seeded
    | [equivalence] running Path B (routed)...
    | [equivalence] routed: 500 trx, 522 trx_line, 228 pool_state, 522 posting_line, 0 provisional (0.86s)
    | equivalence OK: scenario=s1 submissions=500 A=500 B=500 trx (identical)

==> s2 lenient at 12:31:52
    exit=0 log=results/phase6/equivalence/s2-lenient-all-fifo-2026-05-23T12-31-44Z.log
    |   trx ("transfer_shipment", 539518000002000045) content differs: A has 1 lines, B has 1 lines (first diff: [0] A=TrxLineCanon { pool_id: 1, line_type: "transfer_shipment_line", source_id: Some(2), qty: -3, unit_cost: 143, postings: [PostingLineCanon { event_type: "inventory_depletion", amount: 429, debit_account: 2, credit_account: 1 }] } B=TrxLineCanon { pool_id: 1, line_type: "transfer_shipment_line", source_id: Some(2), qty: -3, unit_cost: 59, postings: [PostingLineCanon { event_type: "inventory_depletion", amount: 177, debit_account: 2, credit_account: 1 }] })
    |   trx ("transfer_shipment", 539518000002000049) content differs: A has 1 lines, B has 2 lines (first diff: [0] A=TrxLineCanon { pool_id: 1, line_type: "transfer_shipment_line", source_id: Some(2), qty: -3, unit_cost: 143, postings: [PostingLineCanon { event_type: "inventory_depletion", amount: 429, debit_account: 2, credit_account: 1 }] } B=TrxLineCanon { pool_id: 1, line_type: "transfer_shipment_line", source_id: Some(2), qty: -2, unit_cost: 66, postings: [PostingLineCanon { event_type: "inventory_depletion", amount: 132, debit_account: 2, credit_account: 1 }] })
    |   trx ("transfer_shipment", 539518000003000001) content differs: A has 1 lines, B has 1 lines (first diff: [0] A=TrxLineCanon { pool_id: 1, line_type: "transfer_shipment_line", source_id: Some(2), qty: -3, unit_cost: 157, postings: [PostingLineCanon { event_type: "inventory_depletion", amount: 471, debit_account: 2, credit_account: 1 }] } B=TrxLineCanon { pool_id: 1, line_type: "transfer_shipment_line", source_id: Some(2), qty: -3, unit_cost: 66, postings: [PostingLineCanon { event_type: "inventory_depletion", amount: 198, debit_account: 2, credit_account: 1 }] })
    |   trx ("transfer_shipment", 539518000003000009) content differs: A has 1 lines, B has 1 lines (first diff: [0] A=TrxLineCanon { pool_id: 1, line_type: "transfer_shipment_line", source_id: Some(2), qty: -3, unit_cost: 157, postings: [PostingLineCanon { event_type: "inventory_depletion", amount: 471, debit_account: 2, credit_account: 1 }] } B=TrxLineCanon { pool_id: 1, line_type: "transfer_shipment_line", source_id: Some(2), qty: -3, unit_cost: 66, postings: [PostingLineCanon { event_type: "inventory_depletion", amount: 198, debit_account: 2, credit_account: 1 }] })
    |   trx ("transfer_shipment", 539518000003000013) content differs: A has 1 lines, B has 2 lines (first diff: [0] A=TrxLineCanon { pool_id: 1, line_type: "transfer_shipment_line", source_id: Some(2), qty: -3, unit_cost: 157, postings: [PostingLineCanon { event_type: "inventory_depletion", amount: 471, debit_account: 2, credit_account: 1 }] } B=TrxLineCanon { pool_id: 1, line_type: "transfer_shipment_line", source_id: Some(2), qty: -2, unit_cost: 66, postings: [PostingLineCanon { event_type: "inventory_depletion", amount: 132, debit_account: 2, credit_account: 1 }] })
    |   trx ("transfer_shipment", 539518000003000015) content differs: A has 2 lines, B has 1 lines (first diff: [0] A=TrxLineCanon { pool_id: 1, line_type: "transfer_shipment_line", source_id: Some(2), qty: -2, unit_cost: 164, postings: [PostingLineCanon { event_type: "inventory_depletion", amount: 328, debit_account: 2, credit_account: 1 }] } B=TrxLineCanon { pool_id: 1, line_type: "transfer_shipment_line", source_id: Some(2), qty: -3, unit_cost: 73, postings: [PostingLineCanon { event_type: "inventory_depletion", amount: 219, debit_account: 2, credit_account: 1 }] })
    |   ... 145 more FIFO drifts suppressed
    | equivalence OK: scenario=s2 submissions=1000 A=1000 B=1000 trx (155 FIFO drift(s), ignored)

==> s3 lenient at 12:32:02
    exit=0 log=results/phase6/equivalence/s3-lenient-all-fifo-2026-05-23T12-31-44Z.log
    |   pool_state[524] A=PoolStateRow { pool_id: 7, layer_seq: 37, qty: 10, unit_cost: 66 } B=PoolStateRow { pool_id: 7, layer_seq: 37, qty: 10, unit_cost: 122 }
    |   pool_state[525] A=PoolStateRow { pool_id: 7, layer_seq: 38, qty: 10, unit_cost: 87 } B=PoolStateRow { pool_id: 7, layer_seq: 38, qty: 10, unit_cost: 17 }
    |   pool_state[526] A=PoolStateRow { pool_id: 7, layer_seq: 39, qty: 10, unit_cost: 94 } B=PoolStateRow { pool_id: 7, layer_seq: 39, qty: 10, unit_cost: 17 }
    |   pool_state[527] A=PoolStateRow { pool_id: 7, layer_seq: 40, qty: 10, unit_cost: 129 } B=PoolStateRow { pool_id: 7, layer_seq: 40, qty: 10, unit_cost: 66 }
    |   pool_state[528] A=PoolStateRow { pool_id: 7, layer_seq: 41, qty: 10, unit_cost: 143 } B=PoolStateRow { pool_id: 7, layer_seq: 41, qty: 10, unit_cost: 66 }
    |   pool_state[529] A=PoolStateRow { pool_id: 7, layer_seq: 42, qty: 10, unit_cost: 38 } B=PoolStateRow { pool_id: 7, layer_seq: 42, qty: 10, unit_cost: 87 }
    |   ... 41 more FIFO drifts suppressed
    | equivalence OK: scenario=s3 submissions=500 A=500 B=500 trx (51 FIFO drift(s), ignored)

==> s4 lenient at 12:32:11
    exit=0 log=results/phase6/equivalence/s4-lenient-all-fifo-2026-05-23T12-31-44Z.log
    |   trx ("transfer_shipment", 539537000002000023) content differs: A has 2 lines, B has 1 lines (first diff: [0] A=TrxLineCanon { pool_id: 1, line_type: "transfer_shipment_line", source_id: Some(2), qty: -2, unit_cost: 10, postings: [PostingLineCanon { event_type: "inventory_depletion", amount: 20, debit_account: 2, credit_account: 1 }] } B=TrxLineCanon { pool_id: 1, line_type: "transfer_shipment_line", source_id: Some(2), qty: -3, unit_cost: 10, postings: [PostingLineCanon { event_type: "inventory_depletion", amount: 30, debit_account: 2, credit_account: 1 }] })
    |   trx ("transfer_shipment", 539537000002000025) content differs: A has 2 lines, B has 1 lines (first diff: [0] A=TrxLineCanon { pool_id: 6, line_type: "transfer_shipment_line", source_id: Some(2), qty: -2, unit_cost: 31, postings: [PostingLineCanon { event_type: "inventory_depletion", amount: 62, debit_account: 2, credit_account: 1 }] } B=TrxLineCanon { pool_id: 6, line_type: "transfer_shipment_line", source_id: Some(2), qty: -3, unit_cost: 31, postings: [PostingLineCanon { event_type: "inventory_depletion", amount: 93, debit_account: 2, credit_account: 1 }] })
    |   trx ("transfer_shipment", 539537000002000027) content differs: A has 2 lines, B has 1 lines (first diff: [0] A=TrxLineCanon { pool_id: 3, line_type: "transfer_shipment_line", source_id: Some(2), qty: -2, unit_cost: 10, postings: [PostingLineCanon { event_type: "inventory_depletion", amount: 20, debit_account: 2, credit_account: 1 }] } B=TrxLineCanon { pool_id: 3, line_type: "transfer_shipment_line", source_id: Some(2), qty: -3, unit_cost: 10, postings: [PostingLineCanon { event_type: "inventory_depletion", amount: 30, debit_account: 2, credit_account: 1 }] })
    |   trx ("transfer_shipment", 539537000002000039) content differs: A has 1 lines, B has 2 lines (first diff: [0] A=TrxLineCanon { pool_id: 2, line_type: "transfer_shipment_line", source_id: Some(2), qty: -3, unit_cost: 10, postings: [PostingLineCanon { event_type: "inventory_depletion", amount: 30, debit_account: 2, credit_account: 1 }] } B=TrxLineCanon { pool_id: 2, line_type: "transfer_shipment_line", source_id: Some(2), qty: -2, unit_cost: 10, postings: [PostingLineCanon { event_type: "inventory_depletion", amount: 20, debit_account: 2, credit_account: 1 }] })
    |   trx ("transfer_shipment", 539537000002000041) content differs: A has 1 lines, B has 1 lines (first diff: [0] A=TrxLineCanon { pool_id: 3, line_type: "transfer_shipment_line", source_id: Some(2), qty: -3, unit_cost: 10, postings: [PostingLineCanon { event_type: "inventory_depletion", amount: 30, debit_account: 2, credit_account: 1 }] } B=TrxLineCanon { pool_id: 3, line_type: "transfer_shipment_line", source_id: Some(2), qty: -3, unit_cost: 17, postings: [PostingLineCanon { event_type: "inventory_depletion", amount: 51, debit_account: 2, credit_account: 1 }] })
    |   trx ("transfer_shipment", 539537000003000001) content differs: A has 2 lines, B has 1 lines (first diff: [0] A=TrxLineCanon { pool_id: 1, line_type: "transfer_shipment_line", source_id: Some(2), qty: -2, unit_cost: 10, postings: [PostingLineCanon { event_type: "inventory_depletion", amount: 20, debit_account: 2, credit_account: 1 }] } B=TrxLineCanon { pool_id: 1, line_type: "transfer_shipment_line", source_id: Some(2), qty: -3, unit_cost: 10, postings: [PostingLineCanon { event_type: "inventory_depletion", amount: 30, debit_account: 2, credit_account: 1 }] })
    |   ... 41 more FIFO drifts suppressed
    | equivalence OK: scenario=s4 submissions=1000 A=1000 B=1000 trx (51 FIFO drift(s), ignored)

==> s5 lenient at 12:32:25
    exit=0 log=results/phase6/equivalence/s5-lenient-all-fifo-2026-05-23T12-31-44Z.log
    |   trx ("transfer_shipment", 539551000001000009) content differs: A has 1 lines, B has 1 lines (first diff: [0] A=TrxLineCanon { pool_id: 1, line_type: "transfer_shipment_line", source_id: Some(2), qty: -3, unit_cost: 66, postings: [PostingLineCanon { event_type: "inventory_depletion", amount: 198, debit_account: 2, credit_account: 1 }] } B=TrxLineCanon { pool_id: 1, line_type: "transfer_shipment_line", source_id: Some(2), qty: -3, unit_cost: 122, postings: [PostingLineCanon { event_type: "inventory_depletion", amount: 366, debit_account: 2, credit_account: 1 }] })
    |   trx ("transfer_shipment", 539551000001000011) content differs: A has 1 lines, B has 1 lines (first diff: [0] A=TrxLineCanon { pool_id: 1, line_type: "transfer_shipment_line", source_id: Some(2), qty: -3, unit_cost: 73, postings: [PostingLineCanon { event_type: "inventory_depletion", amount: 219, debit_account: 2, credit_account: 1 }] } B=TrxLineCanon { pool_id: 1, line_type: "transfer_shipment_line", source_id: Some(2), qty: -3, unit_cost: 122, postings: [PostingLineCanon { event_type: "inventory_depletion", amount: 366, debit_account: 2, credit_account: 1 }] })
    |   trx ("transfer_shipment", 539551000001000013) content differs: A has 1 lines, B has 2 lines (first diff: [0] A=TrxLineCanon { pool_id: 1, line_type: "transfer_shipment_line", source_id: Some(2), qty: -3, unit_cost: 73, postings: [PostingLineCanon { event_type: "inventory_depletion", amount: 219, debit_account: 2, credit_account: 1 }] } B=TrxLineCanon { pool_id: 1, line_type: "transfer_shipment_line", source_id: Some(2), qty: -2, unit_cost: 122, postings: [PostingLineCanon { event_type: "inventory_depletion", amount: 244, debit_account: 2, credit_account: 1 }] })
    |   trx ("transfer_shipment", 539551000001000015) content differs: A has 1 lines, B has 1 lines (first diff: [0] A=TrxLineCanon { pool_id: 1, line_type: "transfer_shipment_line", source_id: Some(2), qty: -3, unit_cost: 73, postings: [PostingLineCanon { event_type: "inventory_depletion", amount: 219, debit_account: 2, credit_account: 1 }] } B=TrxLineCanon { pool_id: 1, line_type: "transfer_shipment_line", source_id: Some(2), qty: -3, unit_cost: 129, postings: [PostingLineCanon { event_type: "inventory_depletion", amount: 387, debit_account: 2, credit_account: 1 }] })
    |   trx ("transfer_shipment", 539551000001000017) content differs: A has 2 lines, B has 1 lines (first diff: [0] A=TrxLineCanon { pool_id: 1, line_type: "transfer_shipment_line", source_id: Some(2), qty: -2, unit_cost: 80, postings: [PostingLineCanon { event_type: "inventory_depletion", amount: 160, debit_account: 2, credit_account: 1 }] } B=TrxLineCanon { pool_id: 1, line_type: "transfer_shipment_line", source_id: Some(2), qty: -3, unit_cost: 129, postings: [PostingLineCanon { event_type: "inventory_depletion", amount: 387, debit_account: 2, credit_account: 1 }] })
    |   trx ("transfer_shipment", 539551000001000019) content differs: A has 1 lines, B has 1 lines (first diff: [0] A=TrxLineCanon { pool_id: 1, line_type: "transfer_shipment_line", source_id: Some(2), qty: -3, unit_cost: 80, postings: [PostingLineCanon { event_type: "inventory_depletion", amount: 240, debit_account: 2, credit_account: 1 }] } B=TrxLineCanon { pool_id: 1, line_type: "transfer_shipment_line", source_id: Some(2), qty: -3, unit_cost: 129, postings: [PostingLineCanon { event_type: "inventory_depletion", amount: 387, debit_account: 2, credit_account: 1 }] })
    |   ... 132 more FIFO drifts suppressed
    | equivalence OK: scenario=s5 submissions=1000 A=1000 B=1000 trx (142 FIFO drift(s), ignored)

==> s6 lenient at 12:32:35
    exit=0 log=results/phase6/equivalence/s6-lenient-all-fifo-2026-05-23T12-31-44Z.log
    | [equivalence] scenario=s6 callers=20 submissions/caller=50 total=1000
    | [equivalence] running Path A (direct)...
    | [equivalence] direct: 1000 trx, 1100 trx_line, 360 pool_state, 1100 posting_line, 0 provisional (2.86s)
    | [equivalence] resetting + reseeding universe for Path B...
    | seed-pools: 100 pools, 10 skus, 10 locations, mix=AllFifo → seeded
    | [equivalence] running Path B (routed)...
    | [equivalence] routed: 1000 trx, 1100 trx_line, 360 pool_state, 1100 posting_line, 0 provisional (0.97s)
    | equivalence OK: scenario=s6 submissions=1000 A=1000 B=1000 trx (identical)

==> s2 strict at 12:32:45
    exit=1 log=results/phase6/equivalence/s2-strict-trial1-all-fifo-2026-05-23T12-31-44Z.log
    |   trx ("transfer_shipment", 539571000018000005) content differs: A has 2 lines, B has 1 lines (first diff: [0] A=TrxLineCanon { pool_id: 1, line_type: "transfer_shipment_line", source_id: Some(2), qty: -2, unit_cost: 164, postings: [PostingLineCanon { event_type: "inventory_depletion", amount: 328, debit_account: 2, credit_account: 1 }] } B=TrxLineCanon { pool_id: 1, line_type: "transfer_shipment_line", source_id: Some(2), qty: -3, unit_cost: 171, postings: [PostingLineCanon { event_type: "inventory_depletion", amount: 513, debit_account: 2, credit_account: 1 }] })
    |   trx ("transfer_shipment", 539571000018000013) content differs: A has 1 lines, B has 1 lines (first diff: [0] A=TrxLineCanon { pool_id: 1, line_type: "transfer_shipment_line", source_id: Some(2), qty: -3, unit_cost: 171, postings: [PostingLineCanon { event_type: "inventory_depletion", amount: 513, debit_account: 2, credit_account: 1 }] } B=TrxLineCanon { pool_id: 1, line_type: "transfer_shipment_line", source_id: Some(2), qty: -3, unit_cost: 178, postings: [PostingLineCanon { event_type: "inventory_depletion", amount: 534, debit_account: 2, credit_account: 1 }] })
    |   trx ("transfer_shipment", 539571000018000019) content differs: A has 1 lines, B has 1 lines (first diff: [0] A=TrxLineCanon { pool_id: 1, line_type: "transfer_shipment_line", source_id: Some(2), qty: -3, unit_cost: 171, postings: [PostingLineCanon { event_type: "inventory_depletion", amount: 513, debit_account: 2, credit_account: 1 }] } B=TrxLineCanon { pool_id: 1, line_type: "transfer_shipment_line", source_id: Some(2), qty: -3, unit_cost: 178, postings: [PostingLineCanon { event_type: "inventory_depletion", amount: 534, debit_account: 2, credit_account: 1 }] })
    |   trx ("transfer_shipment", 539571000018000031) content differs: A has 1 lines, B has 2 lines (first diff: [0] A=TrxLineCanon { pool_id: 1, line_type: "transfer_shipment_line", source_id: Some(2), qty: -3, unit_cost: 178, postings: [PostingLineCanon { event_type: "inventory_depletion", amount: 534, debit_account: 2, credit_account: 1 }] } B=TrxLineCanon { pool_id: 1, line_type: "transfer_shipment_line", source_id: Some(2), qty: -2, unit_cost: 73, postings: [PostingLineCanon { event_type: "inventory_depletion", amount: 146, debit_account: 2, credit_account: 1 }] })
    |   trx ("transfer_shipment", 539571000018000037) content differs: A has 1 lines, B has 1 lines (first diff: [0] A=TrxLineCanon { pool_id: 1, line_type: "transfer_shipment_line", source_id: Some(2), qty: -3, unit_cost: 178, postings: [PostingLineCanon { event_type: "inventory_depletion", amount: 534, debit_account: 2, credit_account: 1 }] } B=TrxLineCanon { pool_id: 1, line_type: "transfer_shipment_line", source_id: Some(2), qty: -3, unit_cost: 73, postings: [PostingLineCanon { event_type: "inventory_depletion", amount: 219, debit_account: 2, credit_account: 1 }] })
    |   ... 39 more FIFO drifts suppressed
    | EQUIVALENCE FAILED (strict): 49 FIFO drifts upgraded to errors
    | equivalence failed: 49 mismatches

==> s2 strict at 12:32:55
    exit=1 log=results/phase6/equivalence/s2-strict-trial2-all-fifo-2026-05-23T12-31-44Z.log
    |   trx ("transfer_shipment", 539581000002000007) content differs: A has 1 lines, B has 1 lines (first diff: [0] A=TrxLineCanon { pool_id: 1, line_type: "transfer_shipment_line", source_id: Some(2), qty: -3, unit_cost: 80, postings: [PostingLineCanon { event_type: "inventory_depletion", amount: 240, debit_account: 2, credit_account: 1 }] } B=TrxLineCanon { pool_id: 1, line_type: "transfer_shipment_line", source_id: Some(2), qty: -3, unit_cost: 66, postings: [PostingLineCanon { event_type: "inventory_depletion", amount: 198, debit_account: 2, credit_account: 1 }] })
    |   trx ("transfer_shipment", 539581000002000011) content differs: A has 1 lines, B has 2 lines (first diff: [0] A=TrxLineCanon { pool_id: 1, line_type: "transfer_shipment_line", source_id: Some(2), qty: -3, unit_cost: 80, postings: [PostingLineCanon { event_type: "inventory_depletion", amount: 240, debit_account: 2, credit_account: 1 }] } B=TrxLineCanon { pool_id: 1, line_type: "transfer_shipment_line", source_id: Some(2), qty: -2, unit_cost: 66, postings: [PostingLineCanon { event_type: "inventory_depletion", amount: 132, debit_account: 2, credit_account: 1 }] })
    |   trx ("transfer_shipment", 539581000002000017) content differs: A has 1 lines, B has 1 lines (first diff: [0] A=TrxLineCanon { pool_id: 1, line_type: "transfer_shipment_line", source_id: Some(2), qty: -3, unit_cost: 80, postings: [PostingLineCanon { event_type: "inventory_depletion", amount: 240, debit_account: 2, credit_account: 1 }] } B=TrxLineCanon { pool_id: 1, line_type: "transfer_shipment_line", source_id: Some(2), qty: -3, unit_cost: 73, postings: [PostingLineCanon { event_type: "inventory_depletion", amount: 219, debit_account: 2, credit_account: 1 }] })
    |   trx ("transfer_shipment", 539581000002000019) content differs: A has 2 lines, B has 1 lines (first diff: [0] A=TrxLineCanon { pool_id: 1, line_type: "transfer_shipment_line", source_id: Some(2), qty: -2, unit_cost: 122, postings: [PostingLineCanon { event_type: "inventory_depletion", amount: 244, debit_account: 2, credit_account: 1 }] } B=TrxLineCanon { pool_id: 1, line_type: "transfer_shipment_line", source_id: Some(2), qty: -3, unit_cost: 73, postings: [PostingLineCanon { event_type: "inventory_depletion", amount: 219, debit_account: 2, credit_account: 1 }] })
    |   trx ("transfer_shipment", 539581000002000021) content differs: A has 1 lines, B has 1 lines (first diff: [0] A=TrxLineCanon { pool_id: 1, line_type: "transfer_shipment_line", source_id: Some(2), qty: -3, unit_cost: 122, postings: [PostingLineCanon { event_type: "inventory_depletion", amount: 366, debit_account: 2, credit_account: 1 }] } B=TrxLineCanon { pool_id: 1, line_type: "transfer_shipment_line", source_id: Some(2), qty: -3, unit_cost: 73, postings: [PostingLineCanon { event_type: "inventory_depletion", amount: 219, debit_account: 2, credit_account: 1 }] })
    |   ... 163 more FIFO drifts suppressed
    | EQUIVALENCE FAILED (strict): 173 FIFO drifts upgraded to errors
    | equivalence failed: 173 mismatches

==> s2 strict at 12:33:05
    exit=1 log=results/phase6/equivalence/s2-strict-trial3-all-fifo-2026-05-23T12-31-44Z.log
    |   trx ("transfer_shipment", 539590000000000019) content differs: A has 1 lines, B has 1 lines (first diff: [0] A=TrxLineCanon { pool_id: 1, line_type: "transfer_shipment_line", source_id: Some(2), qty: -3, unit_cost: 24, postings: [PostingLineCanon { event_type: "inventory_depletion", amount: 72, debit_account: 2, credit_account: 1 }] } B=TrxLineCanon { pool_id: 1, line_type: "transfer_shipment_line", source_id: Some(2), qty: -3, unit_cost: 73, postings: [PostingLineCanon { event_type: "inventory_depletion", amount: 219, debit_account: 2, credit_account: 1 }] })
    |   trx ("transfer_shipment", 539590000000000021) content differs: A has 2 lines, B has 1 lines (first diff: [0] A=TrxLineCanon { pool_id: 1, line_type: "transfer_shipment_line", source_id: Some(2), qty: -2, unit_cost: 24, postings: [PostingLineCanon { event_type: "inventory_depletion", amount: 48, debit_account: 2, credit_account: 1 }] } B=TrxLineCanon { pool_id: 1, line_type: "transfer_shipment_line", source_id: Some(2), qty: -3, unit_cost: 73, postings: [PostingLineCanon { event_type: "inventory_depletion", amount: 219, debit_account: 2, credit_account: 1 }] })
    |   trx ("transfer_shipment", 539590000000000033) content differs: A has 1 lines, B has 1 lines (first diff: [0] A=TrxLineCanon { pool_id: 1, line_type: "transfer_shipment_line", source_id: Some(2), qty: -3, unit_cost: 31, postings: [PostingLineCanon { event_type: "inventory_depletion", amount: 93, debit_account: 2, credit_account: 1 }] } B=TrxLineCanon { pool_id: 1, line_type: "transfer_shipment_line", source_id: Some(2), qty: -3, unit_cost: 73, postings: [PostingLineCanon { event_type: "inventory_depletion", amount: 219, debit_account: 2, credit_account: 1 }] })
    |   trx ("transfer_shipment", 539590000000000039) content differs: A has 1 lines, B has 2 lines (first diff: [0] A=TrxLineCanon { pool_id: 1, line_type: "transfer_shipment_line", source_id: Some(2), qty: -3, unit_cost: 31, postings: [PostingLineCanon { event_type: "inventory_depletion", amount: 93, debit_account: 2, credit_account: 1 }] } B=TrxLineCanon { pool_id: 1, line_type: "transfer_shipment_line", source_id: Some(2), qty: -2, unit_cost: 129, postings: [PostingLineCanon { event_type: "inventory_depletion", amount: 258, debit_account: 2, credit_account: 1 }] })
    |   trx ("transfer_shipment", 539590000000000043) content differs: A has 1 lines, B has 1 lines (first diff: [0] A=TrxLineCanon { pool_id: 1, line_type: "transfer_shipment_line", source_id: Some(2), qty: -3, unit_cost: 31, postings: [PostingLineCanon { event_type: "inventory_depletion", amount: 93, debit_account: 2, credit_account: 1 }] } B=TrxLineCanon { pool_id: 1, line_type: "transfer_shipment_line", source_id: Some(2), qty: -3, unit_cost: 129, postings: [PostingLineCanon { event_type: "inventory_depletion", amount: 387, debit_account: 2, credit_account: 1 }] })
    |   ... 191 more FIFO drifts suppressed
    | EQUIVALENCE FAILED (strict): 201 FIFO drifts upgraded to errors
    | equivalence failed: 201 mismatches

==> s4 strict at 12:33:14
    exit=1 log=results/phase6/equivalence/s4-strict-trial1-all-fifo-2026-05-23T12-31-44Z.log
    |   trx ("transfer_shipment", 539600000000000011) content differs: A has 1 lines, B has 1 lines (first diff: [0] A=TrxLineCanon { pool_id: 1, line_type: "transfer_shipment_line", source_id: Some(2), qty: -3, unit_cost: 10, postings: [PostingLineCanon { event_type: "inventory_depletion", amount: 30, debit_account: 2, credit_account: 1 }] } B=TrxLineCanon { pool_id: 1, line_type: "transfer_shipment_line", source_id: Some(2), qty: -3, unit_cost: 17, postings: [PostingLineCanon { event_type: "inventory_depletion", amount: 51, debit_account: 2, credit_account: 1 }] })
    |   trx ("transfer_shipment", 539600000000000013) content differs: A has 1 lines, B has 1 lines (first diff: [0] A=TrxLineCanon { pool_id: 2, line_type: "transfer_shipment_line", source_id: Some(2), qty: -3, unit_cost: 10, postings: [PostingLineCanon { event_type: "inventory_depletion", amount: 30, debit_account: 2, credit_account: 1 }] } B=TrxLineCanon { pool_id: 2, line_type: "transfer_shipment_line", source_id: Some(2), qty: -3, unit_cost: 17, postings: [PostingLineCanon { event_type: "inventory_depletion", amount: 51, debit_account: 2, credit_account: 1 }] })
    |   trx ("transfer_shipment", 539600000000000015) content differs: A has 1 lines, B has 1 lines (first diff: [0] A=TrxLineCanon { pool_id: 3, line_type: "transfer_shipment_line", source_id: Some(2), qty: -3, unit_cost: 10, postings: [PostingLineCanon { event_type: "inventory_depletion", amount: 30, debit_account: 2, credit_account: 1 }] } B=TrxLineCanon { pool_id: 3, line_type: "transfer_shipment_line", source_id: Some(2), qty: -3, unit_cost: 17, postings: [PostingLineCanon { event_type: "inventory_depletion", amount: 51, debit_account: 2, credit_account: 1 }] })
    |   trx ("transfer_shipment", 539600000000000017) content differs: A has 1 lines, B has 1 lines (first diff: [0] A=TrxLineCanon { pool_id: 100, line_type: "transfer_shipment_line", source_id: Some(2), qty: -3, unit_cost: 24, postings: [PostingLineCanon { event_type: "inventory_depletion", amount: 72, debit_account: 2, credit_account: 1 }] } B=TrxLineCanon { pool_id: 100, line_type: "transfer_shipment_line", source_id: Some(2), qty: -3, unit_cost: 31, postings: [PostingLineCanon { event_type: "inventory_depletion", amount: 93, debit_account: 2, credit_account: 1 }] })
    |   trx ("transfer_shipment", 539600000000000019) content differs: A has 1 lines, B has 1 lines (first diff: [0] A=TrxLineCanon { pool_id: 26, line_type: "transfer_shipment_line", source_id: Some(2), qty: -3, unit_cost: 10, postings: [PostingLineCanon { event_type: "inventory_depletion", amount: 30, debit_account: 2, credit_account: 1 }] } B=TrxLineCanon { pool_id: 26, line_type: "transfer_shipment_line", source_id: Some(2), qty: -3, unit_cost: 17, postings: [PostingLineCanon { event_type: "inventory_depletion", amount: 51, debit_account: 2, credit_account: 1 }] })
    |   ... 404 more FIFO drifts suppressed
    | EQUIVALENCE FAILED (strict): 414 FIFO drifts upgraded to errors
    | equivalence failed: 414 mismatches

==> s4 strict at 12:33:28
    exit=0 log=results/phase6/equivalence/s4-strict-trial2-all-fifo-2026-05-23T12-31-44Z.log
    | [equivalence] scenario=s4 callers=20 submissions/caller=50 total=1000
    | [equivalence] running Path A (direct)...
    | [equivalence] direct: 1000 trx, 15814 trx_line, 15117 pool_state, 15814 posting_line, 0 provisional (5.77s)
    | [equivalence] resetting + reseeding universe for Path B...
    | seed-pools: 100 pools, 10 skus, 10 locations, mix=AllFifo → seeded
    | [equivalence] running Path B (routed)...
    | [equivalence] routed: 1000 trx, 15814 trx_line, 15117 pool_state, 15814 posting_line, 0 provisional (1.86s)
    | equivalence OK: scenario=s4 submissions=1000 A=1000 B=1000 trx (identical)

==> s4 strict at 12:33:41
    exit=1 log=results/phase6/equivalence/s4-strict-trial3-all-fifo-2026-05-23T12-31-44Z.log
    |   trx ("transfer_shipment", 539627000000000011) content differs: A has 1 lines, B has 1 lines (first diff: [0] A=TrxLineCanon { pool_id: 1, line_type: "transfer_shipment_line", source_id: Some(2), qty: -3, unit_cost: 10, postings: [PostingLineCanon { event_type: "inventory_depletion", amount: 30, debit_account: 2, credit_account: 1 }] } B=TrxLineCanon { pool_id: 1, line_type: "transfer_shipment_line", source_id: Some(2), qty: -3, unit_cost: 17, postings: [PostingLineCanon { event_type: "inventory_depletion", amount: 51, debit_account: 2, credit_account: 1 }] })
    |   trx ("transfer_shipment", 539627000000000013) content differs: A has 1 lines, B has 1 lines (first diff: [0] A=TrxLineCanon { pool_id: 2, line_type: "transfer_shipment_line", source_id: Some(2), qty: -3, unit_cost: 10, postings: [PostingLineCanon { event_type: "inventory_depletion", amount: 30, debit_account: 2, credit_account: 1 }] } B=TrxLineCanon { pool_id: 2, line_type: "transfer_shipment_line", source_id: Some(2), qty: -3, unit_cost: 17, postings: [PostingLineCanon { event_type: "inventory_depletion", amount: 51, debit_account: 2, credit_account: 1 }] })
    |   trx ("transfer_shipment", 539627000000000015) content differs: A has 1 lines, B has 1 lines (first diff: [0] A=TrxLineCanon { pool_id: 3, line_type: "transfer_shipment_line", source_id: Some(2), qty: -3, unit_cost: 10, postings: [PostingLineCanon { event_type: "inventory_depletion", amount: 30, debit_account: 2, credit_account: 1 }] } B=TrxLineCanon { pool_id: 3, line_type: "transfer_shipment_line", source_id: Some(2), qty: -3, unit_cost: 24, postings: [PostingLineCanon { event_type: "inventory_depletion", amount: 72, debit_account: 2, credit_account: 1 }] })
    |   trx ("transfer_shipment", 539627000000000017) content differs: A has 1 lines, B has 1 lines (first diff: [0] A=TrxLineCanon { pool_id: 100, line_type: "transfer_shipment_line", source_id: Some(2), qty: -3, unit_cost: 24, postings: [PostingLineCanon { event_type: "inventory_depletion", amount: 72, debit_account: 2, credit_account: 1 }] } B=TrxLineCanon { pool_id: 100, line_type: "transfer_shipment_line", source_id: Some(2), qty: -3, unit_cost: 31, postings: [PostingLineCanon { event_type: "inventory_depletion", amount: 93, debit_account: 2, credit_account: 1 }] })
    |   trx ("transfer_shipment", 539627000000000019) content differs: A has 1 lines, B has 1 lines (first diff: [0] A=TrxLineCanon { pool_id: 26, line_type: "transfer_shipment_line", source_id: Some(2), qty: -3, unit_cost: 10, postings: [PostingLineCanon { event_type: "inventory_depletion", amount: 30, debit_account: 2, credit_account: 1 }] } B=TrxLineCanon { pool_id: 26, line_type: "transfer_shipment_line", source_id: Some(2), qty: -3, unit_cost: 38, postings: [PostingLineCanon { event_type: "inventory_depletion", amount: 114, debit_account: 2, credit_account: 1 }] })
    |   ... 444 more FIFO drifts suppressed
    | EQUIVALENCE FAILED (strict): 454 FIFO drifts upgraded to errors
    | equivalence failed: 454 mismatches

==> s5 strict at 12:33:55
    exit=1 log=results/phase6/equivalence/s5-strict-trial1-all-fifo-2026-05-23T12-31-44Z.log
    |   trx ("transfer_shipment", 539641000001000011) content differs: A has 1 lines, B has 1 lines (first diff: [0] A=TrxLineCanon { pool_id: 1, line_type: "transfer_shipment_line", source_id: Some(2), qty: -3, unit_cost: 73, postings: [PostingLineCanon { event_type: "inventory_depletion", amount: 219, debit_account: 2, credit_account: 1 }] } B=TrxLineCanon { pool_id: 1, line_type: "transfer_shipment_line", source_id: Some(2), qty: -3, unit_cost: 143, postings: [PostingLineCanon { event_type: "inventory_depletion", amount: 429, debit_account: 2, credit_account: 1 }] })
    |   trx ("transfer_shipment", 539641000001000013) content differs: A has 1 lines, B has 2 lines (first diff: [0] A=TrxLineCanon { pool_id: 1, line_type: "transfer_shipment_line", source_id: Some(2), qty: -3, unit_cost: 73, postings: [PostingLineCanon { event_type: "inventory_depletion", amount: 219, debit_account: 2, credit_account: 1 }] } B=TrxLineCanon { pool_id: 1, line_type: "transfer_shipment_line", source_id: Some(2), qty: -2, unit_cost: 143, postings: [PostingLineCanon { event_type: "inventory_depletion", amount: 286, debit_account: 2, credit_account: 1 }] })
    |   trx ("transfer_shipment", 539641000001000015) content differs: A has 1 lines, B has 1 lines (first diff: [0] A=TrxLineCanon { pool_id: 1, line_type: "transfer_shipment_line", source_id: Some(2), qty: -3, unit_cost: 73, postings: [PostingLineCanon { event_type: "inventory_depletion", amount: 219, debit_account: 2, credit_account: 1 }] } B=TrxLineCanon { pool_id: 1, line_type: "transfer_shipment_line", source_id: Some(2), qty: -3, unit_cost: 150, postings: [PostingLineCanon { event_type: "inventory_depletion", amount: 450, debit_account: 2, credit_account: 1 }] })
    |   trx ("transfer_shipment", 539641000001000017) content differs: A has 2 lines, B has 1 lines (first diff: [0] A=TrxLineCanon { pool_id: 1, line_type: "transfer_shipment_line", source_id: Some(2), qty: -2, unit_cost: 80, postings: [PostingLineCanon { event_type: "inventory_depletion", amount: 160, debit_account: 2, credit_account: 1 }] } B=TrxLineCanon { pool_id: 1, line_type: "transfer_shipment_line", source_id: Some(2), qty: -3, unit_cost: 150, postings: [PostingLineCanon { event_type: "inventory_depletion", amount: 450, debit_account: 2, credit_account: 1 }] })
    |   trx ("transfer_shipment", 539641000001000019) content differs: A has 1 lines, B has 1 lines (first diff: [0] A=TrxLineCanon { pool_id: 1, line_type: "transfer_shipment_line", source_id: Some(2), qty: -3, unit_cost: 80, postings: [PostingLineCanon { event_type: "inventory_depletion", amount: 240, debit_account: 2, credit_account: 1 }] } B=TrxLineCanon { pool_id: 1, line_type: "transfer_shipment_line", source_id: Some(2), qty: -3, unit_cost: 150, postings: [PostingLineCanon { event_type: "inventory_depletion", amount: 450, debit_account: 2, credit_account: 1 }] })
    |   ... 299 more FIFO drifts suppressed
    | EQUIVALENCE FAILED (strict): 309 FIFO drifts upgraded to errors
    | equivalence failed: 309 mismatches

==> s5 strict at 12:34:05
    exit=1 log=results/phase6/equivalence/s5-strict-trial2-all-fifo-2026-05-23T12-31-44Z.log
    |   trx ("transfer_shipment", 539651000000000011) content differs: A has 1 lines, B has 1 lines (first diff: [0] A=TrxLineCanon { pool_id: 1, line_type: "transfer_shipment_line", source_id: Some(2), qty: -3, unit_cost: 17, postings: [PostingLineCanon { event_type: "inventory_depletion", amount: 51, debit_account: 2, credit_account: 1 }] } B=TrxLineCanon { pool_id: 1, line_type: "transfer_shipment_line", source_id: Some(2), qty: -3, unit_cost: 122, postings: [PostingLineCanon { event_type: "inventory_depletion", amount: 366, debit_account: 2, credit_account: 1 }] })
    |   trx ("transfer_shipment", 539651000000000013) content differs: A has 2 lines, B has 2 lines (first diff: [0] A=TrxLineCanon { pool_id: 1, line_type: "transfer_shipment_line", source_id: Some(2), qty: -2, unit_cost: 17, postings: [PostingLineCanon { event_type: "inventory_depletion", amount: 34, debit_account: 2, credit_account: 1 }] } B=TrxLineCanon { pool_id: 1, line_type: "transfer_shipment_line", source_id: Some(2), qty: -2, unit_cost: 122, postings: [PostingLineCanon { event_type: "inventory_depletion", amount: 244, debit_account: 2, credit_account: 1 }] })
    |   trx ("transfer_shipment", 539651000000000015) content differs: A has 1 lines, B has 1 lines (first diff: [0] A=TrxLineCanon { pool_id: 1, line_type: "transfer_shipment_line", source_id: Some(2), qty: -3, unit_cost: 24, postings: [PostingLineCanon { event_type: "inventory_depletion", amount: 72, debit_account: 2, credit_account: 1 }] } B=TrxLineCanon { pool_id: 1, line_type: "transfer_shipment_line", source_id: Some(2), qty: -3, unit_cost: 129, postings: [PostingLineCanon { event_type: "inventory_depletion", amount: 387, debit_account: 2, credit_account: 1 }] })
    |   trx ("transfer_shipment", 539651000000000017) content differs: A has 1 lines, B has 1 lines (first diff: [0] A=TrxLineCanon { pool_id: 1, line_type: "transfer_shipment_line", source_id: Some(2), qty: -3, unit_cost: 24, postings: [PostingLineCanon { event_type: "inventory_depletion", amount: 72, debit_account: 2, credit_account: 1 }] } B=TrxLineCanon { pool_id: 1, line_type: "transfer_shipment_line", source_id: Some(2), qty: -3, unit_cost: 129, postings: [PostingLineCanon { event_type: "inventory_depletion", amount: 387, debit_account: 2, credit_account: 1 }] })
    |   trx ("transfer_shipment", 539651000000000019) content differs: A has 1 lines, B has 1 lines (first diff: [0] A=TrxLineCanon { pool_id: 1, line_type: "transfer_shipment_line", source_id: Some(2), qty: -3, unit_cost: 24, postings: [PostingLineCanon { event_type: "inventory_depletion", amount: 72, debit_account: 2, credit_account: 1 }] } B=TrxLineCanon { pool_id: 1, line_type: "transfer_shipment_line", source_id: Some(2), qty: -3, unit_cost: 129, postings: [PostingLineCanon { event_type: "inventory_depletion", amount: 387, debit_account: 2, credit_account: 1 }] })
    |   ... 65 more FIFO drifts suppressed
    | EQUIVALENCE FAILED (strict): 75 FIFO drifts upgraded to errors
    | equivalence failed: 75 mismatches

==> s5 strict at 12:34:15
    exit=1 log=results/phase6/equivalence/s5-strict-trial3-all-fifo-2026-05-23T12-31-44Z.log
    |   trx ("transfer_shipment", 539661000000000011) content differs: A has 1 lines, B has 1 lines (first diff: [0] A=TrxLineCanon { pool_id: 1, line_type: "transfer_shipment_line", source_id: Some(2), qty: -3, unit_cost: 17, postings: [PostingLineCanon { event_type: "inventory_depletion", amount: 51, debit_account: 2, credit_account: 1 }] } B=TrxLineCanon { pool_id: 1, line_type: "transfer_shipment_line", source_id: Some(2), qty: -3, unit_cost: 122, postings: [PostingLineCanon { event_type: "inventory_depletion", amount: 366, debit_account: 2, credit_account: 1 }] })
    |   trx ("transfer_shipment", 539661000000000013) content differs: A has 2 lines, B has 1 lines (first diff: [0] A=TrxLineCanon { pool_id: 1, line_type: "transfer_shipment_line", source_id: Some(2), qty: -2, unit_cost: 17, postings: [PostingLineCanon { event_type: "inventory_depletion", amount: 34, debit_account: 2, credit_account: 1 }] } B=TrxLineCanon { pool_id: 1, line_type: "transfer_shipment_line", source_id: Some(2), qty: -3, unit_cost: 122, postings: [PostingLineCanon { event_type: "inventory_depletion", amount: 366, debit_account: 2, credit_account: 1 }] })
    |   trx ("transfer_shipment", 539661000000000015) content differs: A has 1 lines, B has 2 lines (first diff: [0] A=TrxLineCanon { pool_id: 1, line_type: "transfer_shipment_line", source_id: Some(2), qty: -3, unit_cost: 24, postings: [PostingLineCanon { event_type: "inventory_depletion", amount: 72, debit_account: 2, credit_account: 1 }] } B=TrxLineCanon { pool_id: 1, line_type: "transfer_shipment_line", source_id: Some(2), qty: -2, unit_cost: 122, postings: [PostingLineCanon { event_type: "inventory_depletion", amount: 244, debit_account: 2, credit_account: 1 }] })
    |   trx ("transfer_shipment", 539661000000000017) content differs: A has 1 lines, B has 1 lines (first diff: [0] A=TrxLineCanon { pool_id: 1, line_type: "transfer_shipment_line", source_id: Some(2), qty: -3, unit_cost: 24, postings: [PostingLineCanon { event_type: "inventory_depletion", amount: 72, debit_account: 2, credit_account: 1 }] } B=TrxLineCanon { pool_id: 1, line_type: "transfer_shipment_line", source_id: Some(2), qty: -3, unit_cost: 129, postings: [PostingLineCanon { event_type: "inventory_depletion", amount: 387, debit_account: 2, credit_account: 1 }] })
    |   trx ("transfer_shipment", 539661000000000019) content differs: A has 1 lines, B has 1 lines (first diff: [0] A=TrxLineCanon { pool_id: 1, line_type: "transfer_shipment_line", source_id: Some(2), qty: -3, unit_cost: 24, postings: [PostingLineCanon { event_type: "inventory_depletion", amount: 72, debit_account: 2, credit_account: 1 }] } B=TrxLineCanon { pool_id: 1, line_type: "transfer_shipment_line", source_id: Some(2), qty: -3, unit_cost: 129, postings: [PostingLineCanon { event_type: "inventory_depletion", amount: 387, debit_account: 2, credit_account: 1 }] })
    |   ... 148 more FIFO drifts suppressed
    | EQUIVALENCE FAILED (strict): 158 FIFO drifts upgraded to errors
    | equivalence failed: 158 mismatches

==> sweep complete at 12:34:26
==> index: results/phase6/equivalence/run-all-fifo-2026-05-23T12-31-44Z.log
