==> equivalence sweep timestamp: 2026-05-23T14-49-38Z
==> method-mix: all-fifo
==> outdir: results/phase6/equivalence

==> s1 lenient at 14:49:38
    exit=0 log=results/phase6/equivalence/s1-lenient-all-fifo-2026-05-23T14-49-38Z.log
    | [equivalence] scenario=s1 callers=10 submissions/caller=50 total=500
    | [equivalence] running Path A (direct)...
    | [equivalence] direct: 500 trx, 522 trx_line, 228 pool_state, 522 posting_line, 0 provisional (1.44s)
    | [equivalence] resetting + reseeding universe for Path B...
    | seed-pools: 100 pools, 10 skus, 10 locations, mix=AllFifo → seeded
    | [equivalence] running Path B (routed)...
    | [equivalence] routed: 500 trx, 522 trx_line, 228 pool_state, 522 posting_line, 0 provisional (1.29s)
    | equivalence OK: scenario=s1 submissions=500 A=500 B=500 trx (identical)

==> s2 lenient at 14:49:47
    exit=0 log=results/phase6/equivalence/s2-lenient-all-fifo-2026-05-23T14-49-38Z.log
    | [equivalence] scenario=s2 callers=20 submissions/caller=50 total=1000
    | [equivalence] running Path A (direct)...
    | [equivalence] direct: 1000 trx, 1092 trx_line, 370 pool_state, 1092 posting_line, 0 provisional (2.94s)
    | [equivalence] resetting + reseeding universe for Path B...
    | seed-pools: 100 pools, 10 skus, 10 locations, mix=AllFifo → seeded
    | [equivalence] running Path B (routed)...
    | [equivalence] routed: 1000 trx, 1092 trx_line, 370 pool_state, 1092 posting_line, 0 provisional (1.35s)
    | equivalence OK: scenario=s2 submissions=1000 A=1000 B=1000 trx (identical)

==> s3 lenient at 14:49:57
    exit=0 log=results/phase6/equivalence/s3-lenient-all-fifo-2026-05-23T14-49-38Z.log
    | [equivalence] scenario=s3 callers=10 submissions/caller=50 total=500
    | [equivalence] running Path A (direct)...
    | [equivalence] direct: 500 trx, 7976 trx_line, 7676 pool_state, 7976 posting_line, 0 provisional (2.42s)
    | [equivalence] resetting + reseeding universe for Path B...
    | seed-pools: 100 pools, 10 skus, 10 locations, mix=AllFifo → seeded
    | [equivalence] running Path B (routed)...
    | [equivalence] routed: 500 trx, 7976 trx_line, 7676 pool_state, 7976 posting_line, 0 provisional (1.34s)
    | equivalence OK: scenario=s3 submissions=500 A=500 B=500 trx (identical)

==> s4 lenient at 14:50:07
    exit=0 log=results/phase6/equivalence/s4-lenient-all-fifo-2026-05-23T14-49-38Z.log
    | [equivalence] scenario=s4 callers=20 submissions/caller=50 total=1000
    | [equivalence] running Path A (direct)...
    | [equivalence] direct: 1000 trx, 15814 trx_line, 15117 pool_state, 15814 posting_line, 0 provisional (6.13s)
    | [equivalence] resetting + reseeding universe for Path B...
    | seed-pools: 100 pools, 10 skus, 10 locations, mix=AllFifo → seeded
    | [equivalence] running Path B (routed)...
    | [equivalence] routed: 1000 trx, 15814 trx_line, 15117 pool_state, 15814 posting_line, 0 provisional (1.88s)
    | equivalence OK: scenario=s4 submissions=1000 A=1000 B=1000 trx (identical)

==> s5 lenient at 14:50:21
    exit=0 log=results/phase6/equivalence/s5-lenient-all-fifo-2026-05-23T14-49-38Z.log
    | [equivalence] scenario=s5 callers=20 submissions/caller=50 total=1000
    | [equivalence] running Path A (direct)...
    | [equivalence] direct: 1000 trx, 1100 trx_line, 350 pool_state, 1100 posting_line, 0 provisional (3.07s)
    | [equivalence] resetting + reseeding universe for Path B...
    | seed-pools: 100 pools, 10 skus, 10 locations, mix=AllFifo → seeded
    | [equivalence] running Path B (routed)...
    | [equivalence] routed: 1000 trx, 1100 trx_line, 350 pool_state, 1100 posting_line, 0 provisional (1.15s)
    | equivalence OK: scenario=s5 submissions=1000 A=1000 B=1000 trx (identical)

==> s6 lenient at 14:50:31
    exit=0 log=results/phase6/equivalence/s6-lenient-all-fifo-2026-05-23T14-49-38Z.log
    | [equivalence] scenario=s6 callers=20 submissions/caller=50 total=1000
    | [equivalence] running Path A (direct)...
    | [equivalence] direct: 1000 trx, 1100 trx_line, 360 pool_state, 1100 posting_line, 0 provisional (2.97s)
    | [equivalence] resetting + reseeding universe for Path B...
    | seed-pools: 100 pools, 10 skus, 10 locations, mix=AllFifo → seeded
    | [equivalence] running Path B (routed)...
    | [equivalence] routed: 1000 trx, 1100 trx_line, 360 pool_state, 1100 posting_line, 0 provisional (1.16s)
    | equivalence OK: scenario=s6 submissions=1000 A=1000 B=1000 trx (identical)

==> s2 strict at 14:50:41
    exit=0 log=results/phase6/equivalence/s2-strict-trial1-all-fifo-2026-05-23T14-49-38Z.log
    | [equivalence] scenario=s2 callers=20 submissions/caller=50 total=1000
    | [equivalence] running Path A (direct)...
    | [equivalence] direct: 1000 trx, 1092 trx_line, 370 pool_state, 1092 posting_line, 0 provisional (2.91s)
    | [equivalence] resetting + reseeding universe for Path B...
    | seed-pools: 100 pools, 10 skus, 10 locations, mix=AllFifo → seeded
    | [equivalence] running Path B (routed)...
    | [equivalence] routed: 1000 trx, 1092 trx_line, 370 pool_state, 1092 posting_line, 0 provisional (1.39s)
    | equivalence OK: scenario=s2 submissions=1000 A=1000 B=1000 trx (identical)

==> s2 strict at 14:50:51
    exit=0 log=results/phase6/equivalence/s2-strict-trial2-all-fifo-2026-05-23T14-49-38Z.log
    | [equivalence] scenario=s2 callers=20 submissions/caller=50 total=1000
    | [equivalence] running Path A (direct)...
    | [equivalence] direct: 1000 trx, 1092 trx_line, 370 pool_state, 1092 posting_line, 0 provisional (2.98s)
    | [equivalence] resetting + reseeding universe for Path B...
    | seed-pools: 100 pools, 10 skus, 10 locations, mix=AllFifo → seeded
    | [equivalence] running Path B (routed)...
    | [equivalence] routed: 1000 trx, 1092 trx_line, 370 pool_state, 1092 posting_line, 0 provisional (1.65s)
    | equivalence OK: scenario=s2 submissions=1000 A=1000 B=1000 trx (identical)

==> s2 strict at 14:51:02
    exit=0 log=results/phase6/equivalence/s2-strict-trial3-all-fifo-2026-05-23T14-49-38Z.log
    | [equivalence] scenario=s2 callers=20 submissions/caller=50 total=1000
    | [equivalence] running Path A (direct)...
    | [equivalence] direct: 1000 trx, 1092 trx_line, 370 pool_state, 1092 posting_line, 0 provisional (3.48s)
    | [equivalence] resetting + reseeding universe for Path B...
    | seed-pools: 100 pools, 10 skus, 10 locations, mix=AllFifo → seeded
    | [equivalence] running Path B (routed)...
    | [equivalence] routed: 1000 trx, 1092 trx_line, 370 pool_state, 1092 posting_line, 0 provisional (1.65s)
    | equivalence OK: scenario=s2 submissions=1000 A=1000 B=1000 trx (identical)

==> s4 strict at 14:51:13
    exit=0 log=results/phase6/equivalence/s4-strict-trial1-all-fifo-2026-05-23T14-49-38Z.log
    | [equivalence] scenario=s4 callers=20 submissions/caller=50 total=1000
    | [equivalence] running Path A (direct)...
    | [equivalence] direct: 1000 trx, 15814 trx_line, 15117 pool_state, 15814 posting_line, 0 provisional (6.93s)
    | [equivalence] resetting + reseeding universe for Path B...
    | seed-pools: 100 pools, 10 skus, 10 locations, mix=AllFifo → seeded
    | [equivalence] running Path B (routed)...
    | [equivalence] routed: 1000 trx, 15814 trx_line, 15117 pool_state, 15814 posting_line, 0 provisional (2.86s)
    | equivalence OK: scenario=s4 submissions=1000 A=1000 B=1000 trx (identical)

==> s4 strict at 14:51:29
    exit=0 log=results/phase6/equivalence/s4-strict-trial2-all-fifo-2026-05-23T14-49-38Z.log
    | [equivalence] scenario=s4 callers=20 submissions/caller=50 total=1000
    | [equivalence] running Path A (direct)...
    | [equivalence] direct: 1000 trx, 15814 trx_line, 15117 pool_state, 15814 posting_line, 0 provisional (8.43s)
    | [equivalence] resetting + reseeding universe for Path B...
    | seed-pools: 100 pools, 10 skus, 10 locations, mix=AllFifo → seeded
    | [equivalence] running Path B (routed)...
    | [equivalence] routed: 1000 trx, 15814 trx_line, 15117 pool_state, 15814 posting_line, 0 provisional (2.55s)
    | equivalence OK: scenario=s4 submissions=1000 A=1000 B=1000 trx (identical)

==> s4 strict at 14:51:46
    exit=0 log=results/phase6/equivalence/s4-strict-trial3-all-fifo-2026-05-23T14-49-38Z.log
    | [equivalence] scenario=s4 callers=20 submissions/caller=50 total=1000
    | [equivalence] running Path A (direct)...
    | [equivalence] direct: 1000 trx, 15814 trx_line, 15117 pool_state, 15814 posting_line, 0 provisional (6.00s)
    | [equivalence] resetting + reseeding universe for Path B...
    | seed-pools: 100 pools, 10 skus, 10 locations, mix=AllFifo → seeded
    | [equivalence] running Path B (routed)...
    | [equivalence] routed: 1000 trx, 15814 trx_line, 15117 pool_state, 15814 posting_line, 0 provisional (1.91s)
    | equivalence OK: scenario=s4 submissions=1000 A=1000 B=1000 trx (identical)

==> s5 strict at 14:52:00
    exit=0 log=results/phase6/equivalence/s5-strict-trial1-all-fifo-2026-05-23T14-49-38Z.log
    | [equivalence] scenario=s5 callers=20 submissions/caller=50 total=1000
    | [equivalence] running Path A (direct)...
    | [equivalence] direct: 1000 trx, 1100 trx_line, 350 pool_state, 1100 posting_line, 0 provisional (3.01s)
    | [equivalence] resetting + reseeding universe for Path B...
    | seed-pools: 100 pools, 10 skus, 10 locations, mix=AllFifo → seeded
    | [equivalence] running Path B (routed)...
    | [equivalence] routed: 1000 trx, 1100 trx_line, 350 pool_state, 1100 posting_line, 0 provisional (1.14s)
    | equivalence OK: scenario=s5 submissions=1000 A=1000 B=1000 trx (identical)

==> s5 strict at 14:52:10
    exit=0 log=results/phase6/equivalence/s5-strict-trial2-all-fifo-2026-05-23T14-49-38Z.log
    | [equivalence] scenario=s5 callers=20 submissions/caller=50 total=1000
    | [equivalence] running Path A (direct)...
    | [equivalence] direct: 1000 trx, 1100 trx_line, 350 pool_state, 1100 posting_line, 0 provisional (3.04s)
    | [equivalence] resetting + reseeding universe for Path B...
    | seed-pools: 100 pools, 10 skus, 10 locations, mix=AllFifo → seeded
    | [equivalence] running Path B (routed)...
    | [equivalence] routed: 1000 trx, 1100 trx_line, 350 pool_state, 1100 posting_line, 0 provisional (1.19s)
    | equivalence OK: scenario=s5 submissions=1000 A=1000 B=1000 trx (identical)

==> s5 strict at 14:52:20
    exit=0 log=results/phase6/equivalence/s5-strict-trial3-all-fifo-2026-05-23T14-49-38Z.log
    | [equivalence] scenario=s5 callers=20 submissions/caller=50 total=1000
    | [equivalence] running Path A (direct)...
    | [equivalence] direct: 1000 trx, 1100 trx_line, 350 pool_state, 1100 posting_line, 0 provisional (3.00s)
    | [equivalence] resetting + reseeding universe for Path B...
    | seed-pools: 100 pools, 10 skus, 10 locations, mix=AllFifo → seeded
    | [equivalence] running Path B (routed)...
    | [equivalence] routed: 1000 trx, 1100 trx_line, 350 pool_state, 1100 posting_line, 0 provisional (1.22s)
    | equivalence OK: scenario=s5 submissions=1000 A=1000 B=1000 trx (identical)

==> sweep complete at 14:52:30
==> index: results/phase6/equivalence/run-all-fifo-2026-05-23T14-49-38Z.log
