==> equivalence sweep timestamp: 2026-05-23T11-52-11Z
==> outdir: results/phase6/equivalence

==> s1 lenient at 11:52:11
    exit=0 log=results/phase6/equivalence/s1-lenient-2026-05-23T11-52-11Z.log
    | [equivalence] scenario=s1 callers=10 submissions/caller=50 total=500
    | [equivalence] running Path A (direct)...
    | [equivalence] direct: 500 trx, 500 trx_line, 100 pool_state, 500 posting_line, 0 provisional (1.38s)
    | [equivalence] resetting + reseeding universe for Path B...
    | seed-pools: 100 pools, 10 skus, 10 locations, mix=AllWac → seeded
    | [equivalence] running Path B (routed)...
    | [equivalence] routed: 500 trx, 500 trx_line, 100 pool_state, 500 posting_line, 0 provisional (1.07s)
    | equivalence OK: scenario=s1 submissions=500 A=500 B=500 trx (identical)

==> s2 lenient at 11:52:19
    exit=0 log=results/phase6/equivalence/s2-lenient-2026-05-23T11-52-11Z.log
    | [equivalence] scenario=s2 callers=20 submissions/caller=50 total=1000
    | [equivalence] running Path A (direct)...
    | [equivalence] direct: 1000 trx, 1000 trx_line, 71 pool_state, 1000 posting_line, 0 provisional (2.75s)
    | [equivalence] resetting + reseeding universe for Path B...
    | seed-pools: 100 pools, 10 skus, 10 locations, mix=AllWac → seeded
    | [equivalence] running Path B (routed)...
    | [equivalence] routed: 1000 trx, 1000 trx_line, 71 pool_state, 1000 posting_line, 0 provisional (1.12s)
    | equivalence OK: scenario=s2 submissions=1000 A=1000 B=1000 trx (identical)

==> s3 lenient at 11:52:29
    exit=0 log=results/phase6/equivalence/s3-lenient-2026-05-23T11-52-11Z.log
    | [equivalence] scenario=s3 callers=10 submissions/caller=50 total=500
    | [equivalence] running Path A (direct)...
    | [equivalence] direct: 500 trx, 15327 trx_line, 100 pool_state, 15327 posting_line, 0 provisional (2.74s)
    | [equivalence] resetting + reseeding universe for Path B...
    | seed-pools: 100 pools, 10 skus, 10 locations, mix=AllWac → seeded
    | [equivalence] running Path B (routed)...
    | [equivalence] routed: 500 trx, 15327 trx_line, 100 pool_state, 15327 posting_line, 0 provisional (1.78s)
    | equivalence OK: scenario=s3 submissions=500 A=500 B=500 trx (identical)

==> s4 lenient at 11:52:39
    exit=0 log=results/phase6/equivalence/s4-lenient-2026-05-23T11-52-11Z.log
    | [equivalence] scenario=s4 callers=20 submissions/caller=50 total=1000
    | [equivalence] running Path A (direct)...
    | [equivalence] direct: 1000 trx, 29785 trx_line, 100 pool_state, 29785 posting_line, 0 provisional (5.88s)
    | [equivalence] resetting + reseeding universe for Path B...
    | seed-pools: 100 pools, 10 skus, 10 locations, mix=AllWac → seeded
    | [equivalence] running Path B (routed)...
    | [equivalence] routed: 1000 trx, 29785 trx_line, 100 pool_state, 29785 posting_line, 0 provisional (2.57s)
    | equivalence OK: scenario=s4 submissions=1000 A=1000 B=1000 trx (identical)

==> s5 lenient at 11:52:54
    exit=0 log=results/phase6/equivalence/s5-lenient-2026-05-23T11-52-11Z.log
    | [equivalence] scenario=s5 callers=20 submissions/caller=50 total=1000
    | [equivalence] running Path A (direct)...
    | [equivalence] direct: 1000 trx, 1000 trx_line, 1 pool_state, 1000 posting_line, 0 provisional (3.22s)
    | [equivalence] resetting + reseeding universe for Path B...
    | seed-pools: 100 pools, 10 skus, 10 locations, mix=AllWac → seeded
    | [equivalence] running Path B (routed)...
    | [equivalence] routed: 1000 trx, 1000 trx_line, 1 pool_state, 1000 posting_line, 0 provisional (1.14s)
    | equivalence OK: scenario=s5 submissions=1000 A=1000 B=1000 trx (identical)

==> s6 lenient at 11:53:04
    exit=0 log=results/phase6/equivalence/s6-lenient-2026-05-23T11-52-11Z.log
    | [equivalence] scenario=s6 callers=20 submissions/caller=50 total=1000
    | [equivalence] running Path A (direct)...
    | [equivalence] direct: 1000 trx, 1000 trx_line, 20 pool_state, 1000 posting_line, 0 provisional (2.77s)
    | [equivalence] resetting + reseeding universe for Path B...
    | seed-pools: 100 pools, 10 skus, 10 locations, mix=AllWac → seeded
    | [equivalence] running Path B (routed)...
    | [equivalence] routed: 1000 trx, 1000 trx_line, 20 pool_state, 1000 posting_line, 0 provisional (0.97s)
    | equivalence OK: scenario=s6 submissions=1000 A=1000 B=1000 trx (identical)

==> s2 strict at 11:53:14
    exit=0 log=results/phase6/equivalence/s2-strict-trial1-2026-05-23T11-52-11Z.log
    | [equivalence] scenario=s2 callers=20 submissions/caller=50 total=1000
    | [equivalence] running Path A (direct)...
    | [equivalence] direct: 1000 trx, 1000 trx_line, 71 pool_state, 1000 posting_line, 0 provisional (2.86s)
    | [equivalence] resetting + reseeding universe for Path B...
    | seed-pools: 100 pools, 10 skus, 10 locations, mix=AllWac → seeded
    | [equivalence] running Path B (routed)...
    | [equivalence] routed: 1000 trx, 1000 trx_line, 71 pool_state, 1000 posting_line, 0 provisional (1.13s)
    | equivalence OK: scenario=s2 submissions=1000 A=1000 B=1000 trx (identical)

==> s2 strict at 11:53:23
    exit=0 log=results/phase6/equivalence/s2-strict-trial2-2026-05-23T11-52-11Z.log
    | [equivalence] scenario=s2 callers=20 submissions/caller=50 total=1000
    | [equivalence] running Path A (direct)...
    | [equivalence] direct: 1000 trx, 1000 trx_line, 71 pool_state, 1000 posting_line, 0 provisional (2.81s)
    | [equivalence] resetting + reseeding universe for Path B...
    | seed-pools: 100 pools, 10 skus, 10 locations, mix=AllWac → seeded
    | [equivalence] running Path B (routed)...
    | [equivalence] routed: 1000 trx, 1000 trx_line, 71 pool_state, 1000 posting_line, 0 provisional (0.96s)
    | equivalence OK: scenario=s2 submissions=1000 A=1000 B=1000 trx (identical)

==> s2 strict at 11:53:33
    exit=0 log=results/phase6/equivalence/s2-strict-trial3-2026-05-23T11-52-11Z.log
    | [equivalence] scenario=s2 callers=20 submissions/caller=50 total=1000
    | [equivalence] running Path A (direct)...
    | [equivalence] direct: 1000 trx, 1000 trx_line, 71 pool_state, 1000 posting_line, 0 provisional (3.06s)
    | [equivalence] resetting + reseeding universe for Path B...
    | seed-pools: 100 pools, 10 skus, 10 locations, mix=AllWac → seeded
    | [equivalence] running Path B (routed)...
    | [equivalence] routed: 1000 trx, 1000 trx_line, 71 pool_state, 1000 posting_line, 0 provisional (1.13s)
    | equivalence OK: scenario=s2 submissions=1000 A=1000 B=1000 trx (identical)

==> s4 strict at 11:53:43
    exit=0 log=results/phase6/equivalence/s4-strict-trial1-2026-05-23T11-52-11Z.log
    | [equivalence] scenario=s4 callers=20 submissions/caller=50 total=1000
    | [equivalence] running Path A (direct)...
    | [equivalence] direct: 1000 trx, 29785 trx_line, 100 pool_state, 29785 posting_line, 0 provisional (6.07s)
    | [equivalence] resetting + reseeding universe for Path B...
    | seed-pools: 100 pools, 10 skus, 10 locations, mix=AllWac → seeded
    | [equivalence] running Path B (routed)...
    | [equivalence] routed: 1000 trx, 29785 trx_line, 100 pool_state, 29785 posting_line, 0 provisional (2.82s)
    | equivalence OK: scenario=s4 submissions=1000 A=1000 B=1000 trx (identical)

==> s4 strict at 11:53:58
    exit=0 log=results/phase6/equivalence/s4-strict-trial2-2026-05-23T11-52-11Z.log
    | [equivalence] scenario=s4 callers=20 submissions/caller=50 total=1000
    | [equivalence] running Path A (direct)...
    | [equivalence] direct: 1000 trx, 29785 trx_line, 100 pool_state, 29785 posting_line, 0 provisional (6.08s)
    | [equivalence] resetting + reseeding universe for Path B...
    | seed-pools: 100 pools, 10 skus, 10 locations, mix=AllWac → seeded
    | [equivalence] running Path B (routed)...
    | [equivalence] routed: 1000 trx, 29785 trx_line, 100 pool_state, 29785 posting_line, 0 provisional (2.61s)
    | equivalence OK: scenario=s4 submissions=1000 A=1000 B=1000 trx (identical)

==> s4 strict at 11:54:13
    exit=0 log=results/phase6/equivalence/s4-strict-trial3-2026-05-23T11-52-11Z.log
    | [equivalence] scenario=s4 callers=20 submissions/caller=50 total=1000
    | [equivalence] running Path A (direct)...
    | [equivalence] direct: 1000 trx, 29785 trx_line, 100 pool_state, 29785 posting_line, 0 provisional (6.02s)
    | [equivalence] resetting + reseeding universe for Path B...
    | seed-pools: 100 pools, 10 skus, 10 locations, mix=AllWac → seeded
    | [equivalence] running Path B (routed)...
    | [equivalence] routed: 1000 trx, 29785 trx_line, 100 pool_state, 29785 posting_line, 0 provisional (2.79s)
    | equivalence OK: scenario=s4 submissions=1000 A=1000 B=1000 trx (identical)

==> s5 strict at 11:54:28
    exit=0 log=results/phase6/equivalence/s5-strict-trial1-2026-05-23T11-52-11Z.log
    | [equivalence] scenario=s5 callers=20 submissions/caller=50 total=1000
    | [equivalence] running Path A (direct)...
    | [equivalence] direct: 1000 trx, 1000 trx_line, 1 pool_state, 1000 posting_line, 0 provisional (2.72s)
    | [equivalence] resetting + reseeding universe for Path B...
    | seed-pools: 100 pools, 10 skus, 10 locations, mix=AllWac → seeded
    | [equivalence] running Path B (routed)...
    | [equivalence] routed: 1000 trx, 1000 trx_line, 1 pool_state, 1000 posting_line, 0 provisional (1.14s)
    | equivalence OK: scenario=s5 submissions=1000 A=1000 B=1000 trx (identical)

==> s5 strict at 11:54:37
    exit=0 log=results/phase6/equivalence/s5-strict-trial2-2026-05-23T11-52-11Z.log
    | [equivalence] scenario=s5 callers=20 submissions/caller=50 total=1000
    | [equivalence] running Path A (direct)...
    | [equivalence] direct: 1000 trx, 1000 trx_line, 1 pool_state, 1000 posting_line, 0 provisional (2.70s)
    | [equivalence] resetting + reseeding universe for Path B...
    | seed-pools: 100 pools, 10 skus, 10 locations, mix=AllWac → seeded
    | [equivalence] running Path B (routed)...
    | [equivalence] routed: 1000 trx, 1000 trx_line, 1 pool_state, 1000 posting_line, 0 provisional (1.14s)
    | equivalence OK: scenario=s5 submissions=1000 A=1000 B=1000 trx (identical)

==> s5 strict at 11:54:47
    exit=0 log=results/phase6/equivalence/s5-strict-trial3-2026-05-23T11-52-11Z.log
    | [equivalence] scenario=s5 callers=20 submissions/caller=50 total=1000
    | [equivalence] running Path A (direct)...
    | [equivalence] direct: 1000 trx, 1000 trx_line, 1 pool_state, 1000 posting_line, 0 provisional (2.85s)
    | [equivalence] resetting + reseeding universe for Path B...
    | seed-pools: 100 pools, 10 skus, 10 locations, mix=AllWac → seeded
    | [equivalence] running Path B (routed)...
    | [equivalence] routed: 1000 trx, 1000 trx_line, 1 pool_state, 1000 posting_line, 0 provisional (1.13s)
    | equivalence OK: scenario=s5 submissions=1000 A=1000 B=1000 trx (identical)

==> sweep complete at 11:54:57
==> index: results/phase6/equivalence/run-2026-05-23T11-52-11Z.log
