==> equivalence sweep timestamp: 2026-05-22T20-54-24Z
==> outdir: results/phase6/equivalence

==> s1 lenient at 20:54:24
    exit=0 log=results/phase6/equivalence/s1-lenient-2026-05-22T20-54-24Z.log
    | [equivalence] scenario=s1 callers=10 submissions/caller=50 total=500
    | [equivalence] running Path A (direct)...
    | [equivalence] direct: 500 trx, 500 trx_line, 100 pool_state, 500 posting_line (1.33s)
    | [equivalence] resetting + reseeding universe for Path B...
    | seed-pools: 100 pools, 10 skus, 10 locations, mix=AllWac → seeded
    | [equivalence] running Path B (routed)...
    | [equivalence] routed: 500 trx, 500 trx_line, 100 pool_state, 500 posting_line (0.86s)
    | equivalence OK: scenario=s1 submissions=500 A=500 B=500 trx (identical)

==> s2 lenient at 20:54:32
    exit=0 log=results/phase6/equivalence/s2-lenient-2026-05-22T20-54-24Z.log
    | [equivalence] scenario=s2 callers=20 submissions/caller=50 total=1000
    | [equivalence] running Path A (direct)...
    | [equivalence] direct: 1000 trx, 1000 trx_line, 71 pool_state, 1000 posting_line (2.73s)
    | [equivalence] resetting + reseeding universe for Path B...
    | seed-pools: 100 pools, 10 skus, 10 locations, mix=AllWac → seeded
    | [equivalence] running Path B (routed)...
    | [equivalence] routed: 1000 trx, 1000 trx_line, 71 pool_state, 1000 posting_line (1.00s)
    | equivalence OK: scenario=s2 submissions=1000 A=1000 B=1000 trx (identical)

==> s3 lenient at 20:54:42
    exit=0 log=results/phase6/equivalence/s3-lenient-2026-05-22T20-54-24Z.log
    | [equivalence] scenario=s3 callers=10 submissions/caller=50 total=500
    | [equivalence] running Path A (direct)...
    | [equivalence] direct: 500 trx, 15327 trx_line, 100 pool_state, 15327 posting_line (2.85s)
    | [equivalence] resetting + reseeding universe for Path B...
    | seed-pools: 100 pools, 10 skus, 10 locations, mix=AllWac → seeded
    | [equivalence] running Path B (routed)...
    | [equivalence] routed: 500 trx, 15327 trx_line, 100 pool_state, 15327 posting_line (1.79s)
    | equivalence OK: scenario=s3 submissions=500 A=500 B=500 trx (identical)

==> s4 lenient at 20:54:52
    exit=0 log=results/phase6/equivalence/s4-lenient-2026-05-22T20-54-24Z.log
    | [equivalence] scenario=s4 callers=20 submissions/caller=50 total=1000
    | [equivalence] running Path A (direct)...
    | [equivalence] direct: 1000 trx, 29785 trx_line, 100 pool_state, 29785 posting_line (6.46s)
    | [equivalence] resetting + reseeding universe for Path B...
    | seed-pools: 100 pools, 10 skus, 10 locations, mix=AllWac → seeded
    | [equivalence] running Path B (routed)...
    | [equivalence] routed: 1000 trx, 29785 trx_line, 100 pool_state, 29785 posting_line (2.61s)
    | equivalence OK: scenario=s4 submissions=1000 A=1000 B=1000 trx (identical)

==> s5 lenient at 20:55:07
    exit=0 log=results/phase6/equivalence/s5-lenient-2026-05-22T20-54-24Z.log
    | [equivalence] scenario=s5 callers=20 submissions/caller=50 total=1000
    | [equivalence] running Path A (direct)...
    | [equivalence] direct: 1000 trx, 1000 trx_line, 1 pool_state, 1000 posting_line (2.78s)
    | [equivalence] resetting + reseeding universe for Path B...
    | seed-pools: 100 pools, 10 skus, 10 locations, mix=AllWac → seeded
    | [equivalence] running Path B (routed)...
    | [equivalence] routed: 1000 trx, 1000 trx_line, 1 pool_state, 1000 posting_line (1.14s)
    | equivalence OK: scenario=s5 submissions=1000 A=1000 B=1000 trx (identical)

==> s6 lenient at 20:55:17
    exit=0 log=results/phase6/equivalence/s6-lenient-2026-05-22T20-54-24Z.log
    | [equivalence] scenario=s6 callers=20 submissions/caller=50 total=1000
    | [equivalence] running Path A (direct)...
    | [equivalence] direct: 1000 trx, 1000 trx_line, 20 pool_state, 1000 posting_line (2.71s)
    | [equivalence] resetting + reseeding universe for Path B...
    | seed-pools: 100 pools, 10 skus, 10 locations, mix=AllWac → seeded
    | [equivalence] running Path B (routed)...
    | [equivalence] routed: 1000 trx, 1000 trx_line, 20 pool_state, 1000 posting_line (0.96s)
    | equivalence OK: scenario=s6 submissions=1000 A=1000 B=1000 trx (identical)

==> s2 strict at 20:55:27
    exit=0 log=results/phase6/equivalence/s2-strict-trial1-2026-05-22T20-54-24Z.log
    | [equivalence] scenario=s2 callers=20 submissions/caller=50 total=1000
    | [equivalence] running Path A (direct)...
    | [equivalence] direct: 1000 trx, 1000 trx_line, 71 pool_state, 1000 posting_line (2.74s)
    | [equivalence] resetting + reseeding universe for Path B...
    | seed-pools: 100 pools, 10 skus, 10 locations, mix=AllWac → seeded
    | [equivalence] running Path B (routed)...
    | [equivalence] routed: 1000 trx, 1000 trx_line, 71 pool_state, 1000 posting_line (1.15s)
    | equivalence OK: scenario=s2 submissions=1000 A=1000 B=1000 trx (identical)

==> s2 strict at 20:55:37
    exit=0 log=results/phase6/equivalence/s2-strict-trial2-2026-05-22T20-54-24Z.log
    | [equivalence] scenario=s2 callers=20 submissions/caller=50 total=1000
    | [equivalence] running Path A (direct)...
    | [equivalence] direct: 1000 trx, 1000 trx_line, 71 pool_state, 1000 posting_line (2.72s)
    | [equivalence] resetting + reseeding universe for Path B...
    | seed-pools: 100 pools, 10 skus, 10 locations, mix=AllWac → seeded
    | [equivalence] running Path B (routed)...
    | [equivalence] routed: 1000 trx, 1000 trx_line, 71 pool_state, 1000 posting_line (1.15s)
    | equivalence OK: scenario=s2 submissions=1000 A=1000 B=1000 trx (identical)

==> s2 strict at 20:55:46
    exit=0 log=results/phase6/equivalence/s2-strict-trial3-2026-05-22T20-54-24Z.log
    | [equivalence] scenario=s2 callers=20 submissions/caller=50 total=1000
    | [equivalence] running Path A (direct)...
    | [equivalence] direct: 1000 trx, 1000 trx_line, 71 pool_state, 1000 posting_line (2.65s)
    | [equivalence] resetting + reseeding universe for Path B...
    | seed-pools: 100 pools, 10 skus, 10 locations, mix=AllWac → seeded
    | [equivalence] running Path B (routed)...
    | [equivalence] routed: 1000 trx, 1000 trx_line, 71 pool_state, 1000 posting_line (0.96s)
    | equivalence OK: scenario=s2 submissions=1000 A=1000 B=1000 trx (identical)

==> s4 strict at 20:55:56
    exit=0 log=results/phase6/equivalence/s4-strict-trial1-2026-05-22T20-54-24Z.log
    | [equivalence] scenario=s4 callers=20 submissions/caller=50 total=1000
    | [equivalence] running Path A (direct)...
    | [equivalence] direct: 1000 trx, 29785 trx_line, 100 pool_state, 29785 posting_line (6.36s)
    | [equivalence] resetting + reseeding universe for Path B...
    | seed-pools: 100 pools, 10 skus, 10 locations, mix=AllWac → seeded
    | [equivalence] running Path B (routed)...
    | [equivalence] routed: 1000 trx, 29785 trx_line, 100 pool_state, 29785 posting_line (2.83s)
    | equivalence OK: scenario=s4 submissions=1000 A=1000 B=1000 trx (identical)

==> s4 strict at 20:56:11
    exit=0 log=results/phase6/equivalence/s4-strict-trial2-2026-05-22T20-54-24Z.log
    | [equivalence] scenario=s4 callers=20 submissions/caller=50 total=1000
    | [equivalence] running Path A (direct)...
    | [equivalence] direct: 1000 trx, 29785 trx_line, 100 pool_state, 29785 posting_line (6.27s)
    | [equivalence] resetting + reseeding universe for Path B...
    | seed-pools: 100 pools, 10 skus, 10 locations, mix=AllWac → seeded
    | [equivalence] running Path B (routed)...
    | [equivalence] routed: 1000 trx, 29785 trx_line, 100 pool_state, 29785 posting_line (2.82s)
    | equivalence OK: scenario=s4 submissions=1000 A=1000 B=1000 trx (identical)

==> s4 strict at 20:56:26
    exit=0 log=results/phase6/equivalence/s4-strict-trial3-2026-05-22T20-54-24Z.log
    | [equivalence] scenario=s4 callers=20 submissions/caller=50 total=1000
    | [equivalence] running Path A (direct)...
    | [equivalence] direct: 1000 trx, 29785 trx_line, 100 pool_state, 29785 posting_line (6.84s)
    | [equivalence] resetting + reseeding universe for Path B...
    | seed-pools: 100 pools, 10 skus, 10 locations, mix=AllWac → seeded
    | [equivalence] running Path B (routed)...
    | [equivalence] routed: 1000 trx, 29785 trx_line, 100 pool_state, 29785 posting_line (2.61s)
    | equivalence OK: scenario=s4 submissions=1000 A=1000 B=1000 trx (identical)

==> s5 strict at 20:56:41
    exit=0 log=results/phase6/equivalence/s5-strict-trial1-2026-05-22T20-54-24Z.log
    | [equivalence] scenario=s5 callers=20 submissions/caller=50 total=1000
    | [equivalence] running Path A (direct)...
    | [equivalence] direct: 1000 trx, 1000 trx_line, 1 pool_state, 1000 posting_line (2.75s)
    | [equivalence] resetting + reseeding universe for Path B...
    | seed-pools: 100 pools, 10 skus, 10 locations, mix=AllWac → seeded
    | [equivalence] running Path B (routed)...
    | [equivalence] routed: 1000 trx, 1000 trx_line, 1 pool_state, 1000 posting_line (1.13s)
    | equivalence OK: scenario=s5 submissions=1000 A=1000 B=1000 trx (identical)

==> s5 strict at 20:56:51
    exit=0 log=results/phase6/equivalence/s5-strict-trial2-2026-05-22T20-54-24Z.log
    | [equivalence] scenario=s5 callers=20 submissions/caller=50 total=1000
    | [equivalence] running Path A (direct)...
    | [equivalence] direct: 1000 trx, 1000 trx_line, 1 pool_state, 1000 posting_line (2.73s)
    | [equivalence] resetting + reseeding universe for Path B...
    | seed-pools: 100 pools, 10 skus, 10 locations, mix=AllWac → seeded
    | [equivalence] running Path B (routed)...
    | [equivalence] routed: 1000 trx, 1000 trx_line, 1 pool_state, 1000 posting_line (1.14s)
    | equivalence OK: scenario=s5 submissions=1000 A=1000 B=1000 trx (identical)

==> s5 strict at 20:57:01
    exit=0 log=results/phase6/equivalence/s5-strict-trial3-2026-05-22T20-54-24Z.log
    | [equivalence] scenario=s5 callers=20 submissions/caller=50 total=1000
    | [equivalence] running Path A (direct)...
    | [equivalence] direct: 1000 trx, 1000 trx_line, 1 pool_state, 1000 posting_line (2.75s)
    | [equivalence] resetting + reseeding universe for Path B...
    | seed-pools: 100 pools, 10 skus, 10 locations, mix=AllWac → seeded
    | [equivalence] running Path B (routed)...
    | [equivalence] routed: 1000 trx, 1000 trx_line, 1 pool_state, 1000 posting_line (1.12s)
    | equivalence OK: scenario=s5 submissions=1000 A=1000 B=1000 trx (identical)

==> sweep complete at 20:57:10
==> index: results/phase6/equivalence/run-2026-05-22T20-54-24Z.log
