==> equivalence sweep timestamp: 2026-05-23T13-04-03Z
==> method-mix: all-fifo
==> outdir: results/phase6/equivalence

==> s1 lenient at 13:04:03
    exit=0 log=results/phase6/equivalence/s1-lenient-all-fifo-2026-05-23T13-04-03Z.log
    | [equivalence] scenario=s1 callers=10 submissions/caller=50 total=500
    | [equivalence] running Path A (direct)...
    | [equivalence] direct: 500 trx, 522 trx_line, 228 pool_state, 522 posting_line, 0 provisional (1.53s)
    | [equivalence] resetting + reseeding universe for Path B...
    | seed-pools: 100 pools, 10 skus, 10 locations, mix=AllFifo → seeded
    | [equivalence] running Path B (routed)...
    | [equivalence] routed: 500 trx, 522 trx_line, 228 pool_state, 522 posting_line, 0 provisional (1.29s)
    | equivalence OK: scenario=s1 submissions=500 A=500 B=500 trx (identical)

==> s2 lenient at 13:04:12
    exit=0 log=results/phase6/equivalence/s2-lenient-all-fifo-2026-05-23T13-04-03Z.log
    | [equivalence] scenario=s2 callers=20 submissions/caller=50 total=1000
    | [equivalence] running Path A (direct)...
    | [equivalence] direct: 1000 trx, 1092 trx_line, 370 pool_state, 1092 posting_line, 0 provisional (2.77s)
    | [equivalence] resetting + reseeding universe for Path B...
    | seed-pools: 100 pools, 10 skus, 10 locations, mix=AllFifo → seeded
    | [equivalence] running Path B (routed)...
    | [equivalence] routed: 1000 trx, 1092 trx_line, 370 pool_state, 1092 posting_line, 0 provisional (1.35s)
    | equivalence OK: scenario=s2 submissions=1000 A=1000 B=1000 trx (identical)

==> s3 lenient at 13:04:22
    exit=0 log=results/phase6/equivalence/s3-lenient-all-fifo-2026-05-23T13-04-03Z.log
    | [equivalence] scenario=s3 callers=10 submissions/caller=50 total=500
    | [equivalence] running Path A (direct)...
    | [equivalence] direct: 500 trx, 7976 trx_line, 7676 pool_state, 7976 posting_line, 0 provisional (2.25s)
    | [equivalence] resetting + reseeding universe for Path B...
    | seed-pools: 100 pools, 10 skus, 10 locations, mix=AllFifo → seeded
    | [equivalence] running Path B (routed)...
    | [equivalence] routed: 500 trx, 7976 trx_line, 7676 pool_state, 7976 posting_line, 0 provisional (1.33s)
    | equivalence OK: scenario=s3 submissions=500 A=500 B=500 trx (identical)

==> s4 lenient at 13:04:31
    exit=0 log=results/phase6/equivalence/s4-lenient-all-fifo-2026-05-23T13-04-03Z.log
    | [equivalence] scenario=s4 callers=20 submissions/caller=50 total=1000
    | [equivalence] running Path A (direct)...
    | [equivalence] direct: 1000 trx, 15814 trx_line, 15117 pool_state, 15814 posting_line, 0 provisional (5.83s)
    | [equivalence] resetting + reseeding universe for Path B...
    | seed-pools: 100 pools, 10 skus, 10 locations, mix=AllFifo → seeded
    | [equivalence] running Path B (routed)...
    | [equivalence] routed: 1000 trx, 15814 trx_line, 15117 pool_state, 15814 posting_line, 0 provisional (2.08s)
    | equivalence OK: scenario=s4 submissions=1000 A=1000 B=1000 trx (identical)

==> s5 lenient at 13:04:45
    exit=0 log=results/phase6/equivalence/s5-lenient-all-fifo-2026-05-23T13-04-03Z.log
    | [equivalence] scenario=s5 callers=20 submissions/caller=50 total=1000
    | [equivalence] running Path A (direct)...
    | [equivalence] direct: 1000 trx, 1100 trx_line, 350 pool_state, 1100 posting_line, 0 provisional (2.84s)
    | [equivalence] resetting + reseeding universe for Path B...
    | seed-pools: 100 pools, 10 skus, 10 locations, mix=AllFifo → seeded
    | [equivalence] running Path B (routed)...
    | [equivalence] routed: 1000 trx, 1100 trx_line, 350 pool_state, 1100 posting_line, 0 provisional (1.14s)
    | equivalence OK: scenario=s5 submissions=1000 A=1000 B=1000 trx (identical)

==> s6 lenient at 13:04:55
    exit=0 log=results/phase6/equivalence/s6-lenient-all-fifo-2026-05-23T13-04-03Z.log
    | [equivalence] scenario=s6 callers=20 submissions/caller=50 total=1000
    | [equivalence] running Path A (direct)...
    | [equivalence] direct: 1000 trx, 1100 trx_line, 360 pool_state, 1100 posting_line, 0 provisional (2.84s)
    | [equivalence] resetting + reseeding universe for Path B...
    | seed-pools: 100 pools, 10 skus, 10 locations, mix=AllFifo → seeded
    | [equivalence] running Path B (routed)...
    | [equivalence] routed: 1000 trx, 1100 trx_line, 360 pool_state, 1100 posting_line, 0 provisional (1.16s)
    | equivalence OK: scenario=s6 submissions=1000 A=1000 B=1000 trx (identical)

==> s2 strict at 13:05:05
    exit=0 log=results/phase6/equivalence/s2-strict-trial1-all-fifo-2026-05-23T13-04-03Z.log
    | [equivalence] scenario=s2 callers=20 submissions/caller=50 total=1000
    | [equivalence] running Path A (direct)...
    | [equivalence] direct: 1000 trx, 1092 trx_line, 370 pool_state, 1092 posting_line, 0 provisional (2.66s)
    | [equivalence] resetting + reseeding universe for Path B...
    | seed-pools: 100 pools, 10 skus, 10 locations, mix=AllFifo → seeded
    | [equivalence] running Path B (routed)...
    | [equivalence] routed: 1000 trx, 1092 trx_line, 370 pool_state, 1092 posting_line, 0 provisional (1.34s)
    | equivalence OK: scenario=s2 submissions=1000 A=1000 B=1000 trx (identical)

==> s2 strict at 13:05:15
    exit=0 log=results/phase6/equivalence/s2-strict-trial2-all-fifo-2026-05-23T13-04-03Z.log
    | [equivalence] scenario=s2 callers=20 submissions/caller=50 total=1000
    | [equivalence] running Path A (direct)...
    | [equivalence] direct: 1000 trx, 1092 trx_line, 370 pool_state, 1092 posting_line, 0 provisional (2.79s)
    | [equivalence] resetting + reseeding universe for Path B...
    | seed-pools: 100 pools, 10 skus, 10 locations, mix=AllFifo → seeded
    | [equivalence] running Path B (routed)...
    | [equivalence] routed: 1000 trx, 1092 trx_line, 370 pool_state, 1092 posting_line, 0 provisional (1.35s)
    | equivalence OK: scenario=s2 submissions=1000 A=1000 B=1000 trx (identical)

==> s2 strict at 13:05:25
    exit=0 log=results/phase6/equivalence/s2-strict-trial3-all-fifo-2026-05-23T13-04-03Z.log
    | [equivalence] scenario=s2 callers=20 submissions/caller=50 total=1000
    | [equivalence] running Path A (direct)...
    | [equivalence] direct: 1000 trx, 1092 trx_line, 370 pool_state, 1092 posting_line, 0 provisional (2.70s)
    | [equivalence] resetting + reseeding universe for Path B...
    | seed-pools: 100 pools, 10 skus, 10 locations, mix=AllFifo → seeded
    | [equivalence] running Path B (routed)...
    | [equivalence] routed: 1000 trx, 1092 trx_line, 370 pool_state, 1092 posting_line, 0 provisional (1.35s)
    | equivalence OK: scenario=s2 submissions=1000 A=1000 B=1000 trx (identical)

==> s4 strict at 13:05:35
    exit=0 log=results/phase6/equivalence/s4-strict-trial1-all-fifo-2026-05-23T13-04-03Z.log
    | [equivalence] scenario=s4 callers=20 submissions/caller=50 total=1000
    | [equivalence] running Path A (direct)...
    | [equivalence] direct: 1000 trx, 15814 trx_line, 15117 pool_state, 15814 posting_line, 0 provisional (6.06s)
    | [equivalence] resetting + reseeding universe for Path B...
    | seed-pools: 100 pools, 10 skus, 10 locations, mix=AllFifo → seeded
    | [equivalence] running Path B (routed)...
    | [equivalence] routed: 1000 trx, 15814 trx_line, 15117 pool_state, 15814 posting_line, 0 provisional (1.87s)
    | equivalence OK: scenario=s4 submissions=1000 A=1000 B=1000 trx (identical)

==> s4 strict at 13:05:49
    exit=0 log=results/phase6/equivalence/s4-strict-trial2-all-fifo-2026-05-23T13-04-03Z.log
    | [equivalence] scenario=s4 callers=20 submissions/caller=50 total=1000
    | [equivalence] running Path A (direct)...
    | [equivalence] direct: 1000 trx, 15814 trx_line, 15117 pool_state, 15814 posting_line, 0 provisional (6.14s)
    | [equivalence] resetting + reseeding universe for Path B...
    | seed-pools: 100 pools, 10 skus, 10 locations, mix=AllFifo → seeded
    | [equivalence] running Path B (routed)...
    | [equivalence] routed: 1000 trx, 15814 trx_line, 15117 pool_state, 15814 posting_line, 0 provisional (2.14s)
    | equivalence OK: scenario=s4 submissions=1000 A=1000 B=1000 trx (identical)

==> s4 strict at 13:06:03
    exit=0 log=results/phase6/equivalence/s4-strict-trial3-all-fifo-2026-05-23T13-04-03Z.log
    | [equivalence] scenario=s4 callers=20 submissions/caller=50 total=1000
    | [equivalence] running Path A (direct)...
    | [equivalence] direct: 1000 trx, 15814 trx_line, 15117 pool_state, 15814 posting_line, 0 provisional (6.04s)
    | [equivalence] resetting + reseeding universe for Path B...
    | seed-pools: 100 pools, 10 skus, 10 locations, mix=AllFifo → seeded
    | [equivalence] running Path B (routed)...
    | [equivalence] routed: 1000 trx, 15814 trx_line, 15117 pool_state, 15814 posting_line, 0 provisional (2.11s)
    | equivalence OK: scenario=s4 submissions=1000 A=1000 B=1000 trx (identical)

==> s5 strict at 13:06:17
    exit=0 log=results/phase6/equivalence/s5-strict-trial1-all-fifo-2026-05-23T13-04-03Z.log
    | [equivalence] scenario=s5 callers=20 submissions/caller=50 total=1000
    | [equivalence] running Path A (direct)...
    | [equivalence] direct: 1000 trx, 1100 trx_line, 350 pool_state, 1100 posting_line, 0 provisional (2.94s)
    | [equivalence] resetting + reseeding universe for Path B...
    | seed-pools: 100 pools, 10 skus, 10 locations, mix=AllFifo → seeded
    | [equivalence] running Path B (routed)...
    | [equivalence] routed: 1000 trx, 1100 trx_line, 350 pool_state, 1100 posting_line, 0 provisional (1.13s)
    | equivalence OK: scenario=s5 submissions=1000 A=1000 B=1000 trx (identical)

==> s5 strict at 13:06:27
    exit=0 log=results/phase6/equivalence/s5-strict-trial2-all-fifo-2026-05-23T13-04-03Z.log
    | [equivalence] scenario=s5 callers=20 submissions/caller=50 total=1000
    | [equivalence] running Path A (direct)...
    | [equivalence] direct: 1000 trx, 1100 trx_line, 350 pool_state, 1100 posting_line, 0 provisional (2.87s)
    | [equivalence] resetting + reseeding universe for Path B...
    | seed-pools: 100 pools, 10 skus, 10 locations, mix=AllFifo → seeded
    | [equivalence] running Path B (routed)...
    | [equivalence] routed: 1000 trx, 1100 trx_line, 350 pool_state, 1100 posting_line, 0 provisional (1.14s)
    | equivalence OK: scenario=s5 submissions=1000 A=1000 B=1000 trx (identical)

==> s5 strict at 13:06:37
    exit=0 log=results/phase6/equivalence/s5-strict-trial3-all-fifo-2026-05-23T13-04-03Z.log
    | [equivalence] scenario=s5 callers=20 submissions/caller=50 total=1000
    | [equivalence] running Path A (direct)...
    | [equivalence] direct: 1000 trx, 1100 trx_line, 350 pool_state, 1100 posting_line, 0 provisional (2.85s)
    | [equivalence] resetting + reseeding universe for Path B...
    | seed-pools: 100 pools, 10 skus, 10 locations, mix=AllFifo → seeded
    | [equivalence] running Path B (routed)...
    | [equivalence] routed: 1000 trx, 1100 trx_line, 350 pool_state, 1100 posting_line, 0 provisional (1.16s)
    | equivalence OK: scenario=s5 submissions=1000 A=1000 B=1000 trx (identical)

==> sweep complete at 13:06:47
==> index: results/phase6/equivalence/run-all-fifo-2026-05-23T13-04-03Z.log
