==> equivalence sweep timestamp: 2026-05-24T00-52-23Z
==> method-mix: all-specific
==> outdir: results/phase6/equivalence

==> s1 lenient at 00:52:23
    exit=0 log=results/phase6/equivalence/s1-lenient-all-specific-2026-05-24T00-52-23Z.log
    | [equivalence] scenario=s1 callers=10 submissions/caller=50 total=500
    | [equivalence] running Path A (direct)...
    | [equivalence] direct: 500 trx, 522 trx_line, 228 pool_state, 522 posting_line, 0 provisional (1.41s)
    | [equivalence] resetting + reseeding universe for Path B...
    | seed-pools: 100 pools, 10 skus, 10 locations, mix=AllSpecific → seeded
    | [equivalence] running Path B (routed)...
    | [equivalence] routed: 500 trx, 522 trx_line, 228 pool_state, 522 posting_line, 0 provisional (0.86s)
    | equivalence OK: scenario=s1 submissions=500 A=500 B=500 trx (identical)

==> s2 lenient at 00:52:32
    exit=0 log=results/phase6/equivalence/s2-lenient-all-specific-2026-05-24T00-52-23Z.log
    | [equivalence] scenario=s2 callers=20 submissions/caller=50 total=1000
    | [equivalence] running Path A (direct)...
    | [equivalence] direct: 1000 trx, 1092 trx_line, 370 pool_state, 1092 posting_line, 0 provisional (2.95s)
    | [equivalence] resetting + reseeding universe for Path B...
    | seed-pools: 100 pools, 10 skus, 10 locations, mix=AllSpecific → seeded
    | [equivalence] running Path B (routed)...
    | [equivalence] routed: 1000 trx, 1092 trx_line, 370 pool_state, 1092 posting_line, 0 provisional (0.96s)
    | equivalence OK: scenario=s2 submissions=1000 A=1000 B=1000 trx (identical)

==> s3 lenient at 00:52:41
    exit=0 log=results/phase6/equivalence/s3-lenient-all-specific-2026-05-24T00-52-23Z.log
    | [equivalence] scenario=s3 callers=10 submissions/caller=50 total=500
    | [equivalence] running Path A (direct)...
    | [equivalence] direct: 500 trx, 7976 trx_line, 7676 pool_state, 7976 posting_line, 0 provisional (2.36s)
    | [equivalence] resetting + reseeding universe for Path B...
    | seed-pools: 100 pools, 10 skus, 10 locations, mix=AllSpecific → seeded
    | [equivalence] running Path B (routed)...
    | [equivalence] routed: 500 trx, 7976 trx_line, 7676 pool_state, 7976 posting_line, 0 provisional (1.33s)
    | equivalence OK: scenario=s3 submissions=500 A=500 B=500 trx (identical)

==> s4 lenient at 00:52:51
    exit=0 log=results/phase6/equivalence/s4-lenient-all-specific-2026-05-24T00-52-23Z.log
    | [equivalence] scenario=s4 callers=20 submissions/caller=50 total=1000
    | [equivalence] running Path A (direct)...
    | [equivalence] direct: 1000 trx, 15814 trx_line, 15117 pool_state, 15814 posting_line, 0 provisional (5.78s)
    | [equivalence] resetting + reseeding universe for Path B...
    | seed-pools: 100 pools, 10 skus, 10 locations, mix=AllSpecific → seeded
    | [equivalence] running Path B (routed)...
    | [equivalence] routed: 1000 trx, 15814 trx_line, 15117 pool_state, 15814 posting_line, 0 provisional (1.86s)
    | equivalence OK: scenario=s4 submissions=1000 A=1000 B=1000 trx (identical)

==> s5 lenient at 00:53:05
    exit=0 log=results/phase6/equivalence/s5-lenient-all-specific-2026-05-24T00-52-23Z.log
    | [equivalence] scenario=s5 callers=20 submissions/caller=50 total=1000
    | [equivalence] running Path A (direct)...
    | [equivalence] direct: 1000 trx, 1100 trx_line, 350 pool_state, 1100 posting_line, 0 provisional (3.21s)
    | [equivalence] resetting + reseeding universe for Path B...
    | seed-pools: 100 pools, 10 skus, 10 locations, mix=AllSpecific → seeded
    | [equivalence] running Path B (routed)...
    | [equivalence] routed: 1000 trx, 1100 trx_line, 350 pool_state, 1100 posting_line, 0 provisional (1.14s)
    | equivalence OK: scenario=s5 submissions=1000 A=1000 B=1000 trx (identical)

==> s6 lenient at 00:53:15
    exit=0 log=results/phase6/equivalence/s6-lenient-all-specific-2026-05-24T00-52-23Z.log
    | [equivalence] scenario=s6 callers=20 submissions/caller=50 total=1000
    | [equivalence] running Path A (direct)...
    | [equivalence] direct: 1000 trx, 1100 trx_line, 360 pool_state, 1100 posting_line, 0 provisional (2.89s)
    | [equivalence] resetting + reseeding universe for Path B...
    | seed-pools: 100 pools, 10 skus, 10 locations, mix=AllSpecific → seeded
    | [equivalence] running Path B (routed)...
    | [equivalence] routed: 1000 trx, 1100 trx_line, 360 pool_state, 1100 posting_line, 0 provisional (1.01s)
    | equivalence OK: scenario=s6 submissions=1000 A=1000 B=1000 trx (identical)

==> s2 strict at 00:53:25
    exit=0 log=results/phase6/equivalence/s2-strict-trial1-all-specific-2026-05-24T00-52-23Z.log
    | [equivalence] scenario=s2 callers=20 submissions/caller=50 total=1000
    | [equivalence] running Path A (direct)...
    | [equivalence] direct: 1000 trx, 1092 trx_line, 370 pool_state, 1092 posting_line, 0 provisional (2.97s)
    | [equivalence] resetting + reseeding universe for Path B...
    | seed-pools: 100 pools, 10 skus, 10 locations, mix=AllSpecific → seeded
    | [equivalence] running Path B (routed)...
    | [equivalence] routed: 1000 trx, 1092 trx_line, 370 pool_state, 1092 posting_line, 0 provisional (0.95s)
    | equivalence OK: scenario=s2 submissions=1000 A=1000 B=1000 trx (identical)

==> s2 strict at 00:53:34
    exit=0 log=results/phase6/equivalence/s2-strict-trial2-all-specific-2026-05-24T00-52-23Z.log
    | [equivalence] scenario=s2 callers=20 submissions/caller=50 total=1000
    | [equivalence] running Path A (direct)...
    | [equivalence] direct: 1000 trx, 1092 trx_line, 370 pool_state, 1092 posting_line, 0 provisional (2.94s)
    | [equivalence] resetting + reseeding universe for Path B...
    | seed-pools: 100 pools, 10 skus, 10 locations, mix=AllSpecific → seeded
    | [equivalence] running Path B (routed)...
    | [equivalence] routed: 1000 trx, 1092 trx_line, 370 pool_state, 1092 posting_line, 0 provisional (0.93s)
    | equivalence OK: scenario=s2 submissions=1000 A=1000 B=1000 trx (identical)

==> s2 strict at 00:53:44
    exit=0 log=results/phase6/equivalence/s2-strict-trial3-all-specific-2026-05-24T00-52-23Z.log
    | [equivalence] scenario=s2 callers=20 submissions/caller=50 total=1000
    | [equivalence] running Path A (direct)...
    | [equivalence] direct: 1000 trx, 1092 trx_line, 370 pool_state, 1092 posting_line, 0 provisional (2.95s)
    | [equivalence] resetting + reseeding universe for Path B...
    | seed-pools: 100 pools, 10 skus, 10 locations, mix=AllSpecific → seeded
    | [equivalence] running Path B (routed)...
    | [equivalence] routed: 1000 trx, 1092 trx_line, 370 pool_state, 1092 posting_line, 0 provisional (0.95s)
    | equivalence OK: scenario=s2 submissions=1000 A=1000 B=1000 trx (identical)

==> s4 strict at 00:53:54
    exit=0 log=results/phase6/equivalence/s4-strict-trial1-all-specific-2026-05-24T00-52-23Z.log
    | [equivalence] scenario=s4 callers=20 submissions/caller=50 total=1000
    | [equivalence] running Path A (direct)...
    | [equivalence] direct: 1000 trx, 15814 trx_line, 15117 pool_state, 15814 posting_line, 0 provisional (5.70s)
    | [equivalence] resetting + reseeding universe for Path B...
    | seed-pools: 100 pools, 10 skus, 10 locations, mix=AllSpecific → seeded
    | [equivalence] running Path B (routed)...
    | [equivalence] routed: 1000 trx, 15814 trx_line, 15117 pool_state, 15814 posting_line, 0 provisional (1.89s)
    | equivalence OK: scenario=s4 submissions=1000 A=1000 B=1000 trx (identical)

==> s4 strict at 00:54:08
    exit=0 log=results/phase6/equivalence/s4-strict-trial2-all-specific-2026-05-24T00-52-23Z.log
    | [equivalence] scenario=s4 callers=20 submissions/caller=50 total=1000
    | [equivalence] running Path A (direct)...
    | [equivalence] direct: 1000 trx, 15814 trx_line, 15117 pool_state, 15814 posting_line, 0 provisional (5.67s)
    | [equivalence] resetting + reseeding universe for Path B...
    | seed-pools: 100 pools, 10 skus, 10 locations, mix=AllSpecific → seeded
    | [equivalence] running Path B (routed)...
    | [equivalence] routed: 1000 trx, 15814 trx_line, 15117 pool_state, 15814 posting_line, 0 provisional (1.87s)
    | equivalence OK: scenario=s4 submissions=1000 A=1000 B=1000 trx (identical)

==> s4 strict at 00:54:21
    exit=0 log=results/phase6/equivalence/s4-strict-trial3-all-specific-2026-05-24T00-52-23Z.log
    | [equivalence] scenario=s4 callers=20 submissions/caller=50 total=1000
    | [equivalence] running Path A (direct)...
    | [equivalence] direct: 1000 trx, 15814 trx_line, 15117 pool_state, 15814 posting_line, 0 provisional (5.66s)
    | [equivalence] resetting + reseeding universe for Path B...
    | seed-pools: 100 pools, 10 skus, 10 locations, mix=AllSpecific → seeded
    | [equivalence] running Path B (routed)...
    | [equivalence] routed: 1000 trx, 15814 trx_line, 15117 pool_state, 15814 posting_line, 0 provisional (1.88s)
    | equivalence OK: scenario=s4 submissions=1000 A=1000 B=1000 trx (identical)

==> s5 strict at 00:54:35
    exit=0 log=results/phase6/equivalence/s5-strict-trial1-all-specific-2026-05-24T00-52-23Z.log
    | [equivalence] scenario=s5 callers=20 submissions/caller=50 total=1000
    | [equivalence] running Path A (direct)...
    | [equivalence] direct: 1000 trx, 1100 trx_line, 350 pool_state, 1100 posting_line, 0 provisional (3.13s)
    | [equivalence] resetting + reseeding universe for Path B...
    | seed-pools: 100 pools, 10 skus, 10 locations, mix=AllSpecific → seeded
    | [equivalence] running Path B (routed)...
    | [equivalence] routed: 1000 trx, 1100 trx_line, 350 pool_state, 1100 posting_line, 0 provisional (1.13s)
    | equivalence OK: scenario=s5 submissions=1000 A=1000 B=1000 trx (identical)

==> s5 strict at 00:54:45
    exit=0 log=results/phase6/equivalence/s5-strict-trial2-all-specific-2026-05-24T00-52-23Z.log
    | [equivalence] scenario=s5 callers=20 submissions/caller=50 total=1000
    | [equivalence] running Path A (direct)...
    | [equivalence] direct: 1000 trx, 1100 trx_line, 350 pool_state, 1100 posting_line, 0 provisional (3.11s)
    | [equivalence] resetting + reseeding universe for Path B...
    | seed-pools: 100 pools, 10 skus, 10 locations, mix=AllSpecific → seeded
    | [equivalence] running Path B (routed)...
    | [equivalence] routed: 1000 trx, 1100 trx_line, 350 pool_state, 1100 posting_line, 0 provisional (1.13s)
    | equivalence OK: scenario=s5 submissions=1000 A=1000 B=1000 trx (identical)

==> s5 strict at 00:54:55
    exit=0 log=results/phase6/equivalence/s5-strict-trial3-all-specific-2026-05-24T00-52-23Z.log
    | [equivalence] scenario=s5 callers=20 submissions/caller=50 total=1000
    | [equivalence] running Path A (direct)...
    | [equivalence] direct: 1000 trx, 1100 trx_line, 350 pool_state, 1100 posting_line, 0 provisional (3.14s)
    | [equivalence] resetting + reseeding universe for Path B...
    | seed-pools: 100 pools, 10 skus, 10 locations, mix=AllSpecific → seeded
    | [equivalence] running Path B (routed)...
    | [equivalence] routed: 1000 trx, 1100 trx_line, 350 pool_state, 1100 posting_line, 0 provisional (1.17s)
    | equivalence OK: scenario=s5 submissions=1000 A=1000 B=1000 trx (identical)

==> sweep complete at 00:55:05
==> index: results/phase6/equivalence/run-all-specific-2026-05-24T00-52-23Z.log
