==> equivalence sweep timestamp: 2026-05-23T17-18-39Z
==> method-mix: all-std
==> outdir: results/phase6/equivalence

==> s1 lenient at 17:18:39
    exit=0 log=results/phase6/equivalence/s1-lenient-all-std-2026-05-23T17-18-39Z.log
    | [equivalence] scenario=s1 callers=10 submissions/caller=50 total=500
    | [equivalence] running Path A (direct)...
    | [equivalence] direct: 500 trx, 500 trx_line, 0 pool_state, 500 posting_line, 0 provisional (1.36s)
    | [equivalence] resetting + reseeding universe for Path B...
    | seed-pools: 100 pools, 10 skus, 10 locations, mix=AllStd → seeded
    | [equivalence] running Path B (routed)...
    | [equivalence] routed: 500 trx, 500 trx_line, 0 pool_state, 500 posting_line, 0 provisional (0.86s)
    | equivalence OK: scenario=s1 submissions=500 A=500 B=500 trx (identical)

==> s2 lenient at 17:18:47
    exit=0 log=results/phase6/equivalence/s2-lenient-all-std-2026-05-23T17-18-39Z.log
    | [equivalence] scenario=s2 callers=20 submissions/caller=50 total=1000
    | [equivalence] running Path A (direct)...
    | [equivalence] direct: 1000 trx, 1000 trx_line, 0 pool_state, 1000 posting_line, 0 provisional (2.77s)
    | [equivalence] resetting + reseeding universe for Path B...
    | seed-pools: 100 pools, 10 skus, 10 locations, mix=AllStd → seeded
    | [equivalence] running Path B (routed)...
    | [equivalence] routed: 1000 trx, 1000 trx_line, 0 pool_state, 1000 posting_line, 0 provisional (0.95s)
    | equivalence OK: scenario=s2 submissions=1000 A=1000 B=1000 trx (identical)

==> s3 lenient at 17:18:57
    exit=0 log=results/phase6/equivalence/s3-lenient-all-std-2026-05-23T17-18-39Z.log
    | [equivalence] scenario=s3 callers=10 submissions/caller=50 total=500
    | [equivalence] running Path A (direct)...
    | [equivalence] direct: 500 trx, 7951 trx_line, 0 pool_state, 7951 posting_line, 0 provisional (2.12s)
    | [equivalence] resetting + reseeding universe for Path B...
    | seed-pools: 100 pools, 10 skus, 10 locations, mix=AllStd → seeded
    | [equivalence] running Path B (routed)...
    | [equivalence] routed: 500 trx, 7951 trx_line, 0 pool_state, 7951 posting_line, 0 provisional (1.32s)
    | equivalence OK: scenario=s3 submissions=500 A=500 B=500 trx (identical)

==> s4 lenient at 17:19:06
    exit=0 log=results/phase6/equivalence/s4-lenient-all-std-2026-05-23T17-18-39Z.log
    | [equivalence] scenario=s4 callers=20 submissions/caller=50 total=1000
    | [equivalence] running Path A (direct)...
    | [equivalence] direct: 1000 trx, 15731 trx_line, 0 pool_state, 15731 posting_line, 0 provisional (4.33s)
    | [equivalence] resetting + reseeding universe for Path B...
    | seed-pools: 100 pools, 10 skus, 10 locations, mix=AllStd → seeded
    | [equivalence] running Path B (routed)...
    | [equivalence] routed: 1000 trx, 15731 trx_line, 0 pool_state, 15731 posting_line, 0 provisional (1.70s)
    | equivalence OK: scenario=s4 submissions=1000 A=1000 B=1000 trx (identical)

==> s5 lenient at 17:19:18
    exit=0 log=results/phase6/equivalence/s5-lenient-all-std-2026-05-23T17-18-39Z.log
    | [equivalence] scenario=s5 callers=20 submissions/caller=50 total=1000
    | [equivalence] running Path A (direct)...
    | [equivalence] direct: 1000 trx, 1000 trx_line, 0 pool_state, 1000 posting_line, 0 provisional (2.82s)
    | [equivalence] resetting + reseeding universe for Path B...
    | seed-pools: 100 pools, 10 skus, 10 locations, mix=AllStd → seeded
    | [equivalence] running Path B (routed)...
    | [equivalence] routed: 1000 trx, 1000 trx_line, 0 pool_state, 1000 posting_line, 0 provisional (1.15s)
    | equivalence OK: scenario=s5 submissions=1000 A=1000 B=1000 trx (identical)

==> s6 lenient at 17:19:28
    exit=0 log=results/phase6/equivalence/s6-lenient-all-std-2026-05-23T17-18-39Z.log
    | [equivalence] scenario=s6 callers=20 submissions/caller=50 total=1000
    | [equivalence] running Path A (direct)...
    | [equivalence] direct: 1000 trx, 1000 trx_line, 0 pool_state, 1000 posting_line, 0 provisional (2.70s)
    | [equivalence] resetting + reseeding universe for Path B...
    | seed-pools: 100 pools, 10 skus, 10 locations, mix=AllStd → seeded
    | [equivalence] running Path B (routed)...
    | [equivalence] routed: 1000 trx, 1000 trx_line, 0 pool_state, 1000 posting_line, 0 provisional (0.96s)
    | equivalence OK: scenario=s6 submissions=1000 A=1000 B=1000 trx (identical)

==> s2 strict at 17:19:38
    exit=0 log=results/phase6/equivalence/s2-strict-trial1-all-std-2026-05-23T17-18-39Z.log
    | [equivalence] scenario=s2 callers=20 submissions/caller=50 total=1000
    | [equivalence] running Path A (direct)...
    | [equivalence] direct: 1000 trx, 1000 trx_line, 0 pool_state, 1000 posting_line, 0 provisional (2.96s)
    | [equivalence] resetting + reseeding universe for Path B...
    | seed-pools: 100 pools, 10 skus, 10 locations, mix=AllStd → seeded
    | [equivalence] running Path B (routed)...
    | [equivalence] routed: 1000 trx, 1000 trx_line, 0 pool_state, 1000 posting_line, 0 provisional (1.00s)
    | equivalence OK: scenario=s2 submissions=1000 A=1000 B=1000 trx (identical)

==> s2 strict at 17:19:48
    exit=0 log=results/phase6/equivalence/s2-strict-trial2-all-std-2026-05-23T17-18-39Z.log
    | [equivalence] scenario=s2 callers=20 submissions/caller=50 total=1000
    | [equivalence] running Path A (direct)...
    | [equivalence] direct: 1000 trx, 1000 trx_line, 0 pool_state, 1000 posting_line, 0 provisional (2.70s)
    | [equivalence] resetting + reseeding universe for Path B...
    | seed-pools: 100 pools, 10 skus, 10 locations, mix=AllStd → seeded
    | [equivalence] running Path B (routed)...
    | [equivalence] routed: 1000 trx, 1000 trx_line, 0 pool_state, 1000 posting_line, 0 provisional (0.98s)
    | equivalence OK: scenario=s2 submissions=1000 A=1000 B=1000 trx (identical)

==> s2 strict at 17:19:57
    exit=0 log=results/phase6/equivalence/s2-strict-trial3-all-std-2026-05-23T17-18-39Z.log
    | [equivalence] scenario=s2 callers=20 submissions/caller=50 total=1000
    | [equivalence] running Path A (direct)...
    | [equivalence] direct: 1000 trx, 1000 trx_line, 0 pool_state, 1000 posting_line, 0 provisional (2.68s)
    | [equivalence] resetting + reseeding universe for Path B...
    | seed-pools: 100 pools, 10 skus, 10 locations, mix=AllStd → seeded
    | [equivalence] running Path B (routed)...
    | [equivalence] routed: 1000 trx, 1000 trx_line, 0 pool_state, 1000 posting_line, 0 provisional (0.96s)
    | equivalence OK: scenario=s2 submissions=1000 A=1000 B=1000 trx (identical)

==> s4 strict at 17:20:07
    exit=0 log=results/phase6/equivalence/s4-strict-trial1-all-std-2026-05-23T17-18-39Z.log
    | [equivalence] scenario=s4 callers=20 submissions/caller=50 total=1000
    | [equivalence] running Path A (direct)...
    | [equivalence] direct: 1000 trx, 15731 trx_line, 0 pool_state, 15731 posting_line, 0 provisional (4.30s)
    | [equivalence] resetting + reseeding universe for Path B...
    | seed-pools: 100 pools, 10 skus, 10 locations, mix=AllStd → seeded
    | [equivalence] running Path B (routed)...
    | [equivalence] routed: 1000 trx, 15731 trx_line, 0 pool_state, 15731 posting_line, 0 provisional (1.68s)
    | equivalence OK: scenario=s4 submissions=1000 A=1000 B=1000 trx (identical)

==> s4 strict at 17:20:19
    exit=0 log=results/phase6/equivalence/s4-strict-trial2-all-std-2026-05-23T17-18-39Z.log
    | [equivalence] scenario=s4 callers=20 submissions/caller=50 total=1000
    | [equivalence] running Path A (direct)...
    | [equivalence] direct: 1000 trx, 15731 trx_line, 0 pool_state, 15731 posting_line, 0 provisional (4.37s)
    | [equivalence] resetting + reseeding universe for Path B...
    | seed-pools: 100 pools, 10 skus, 10 locations, mix=AllStd → seeded
    | [equivalence] running Path B (routed)...
    | [equivalence] routed: 1000 trx, 15731 trx_line, 0 pool_state, 15731 posting_line, 0 provisional (1.69s)
    | equivalence OK: scenario=s4 submissions=1000 A=1000 B=1000 trx (identical)

==> s4 strict at 17:20:31
    exit=0 log=results/phase6/equivalence/s4-strict-trial3-all-std-2026-05-23T17-18-39Z.log
    | [equivalence] scenario=s4 callers=20 submissions/caller=50 total=1000
    | [equivalence] running Path A (direct)...
    | [equivalence] direct: 1000 trx, 15731 trx_line, 0 pool_state, 15731 posting_line, 0 provisional (4.29s)
    | [equivalence] resetting + reseeding universe for Path B...
    | seed-pools: 100 pools, 10 skus, 10 locations, mix=AllStd → seeded
    | [equivalence] running Path B (routed)...
    | [equivalence] routed: 1000 trx, 15731 trx_line, 0 pool_state, 15731 posting_line, 0 provisional (1.67s)
    | equivalence OK: scenario=s4 submissions=1000 A=1000 B=1000 trx (identical)

==> s5 strict at 17:20:43
    exit=0 log=results/phase6/equivalence/s5-strict-trial1-all-std-2026-05-23T17-18-39Z.log
    | [equivalence] scenario=s5 callers=20 submissions/caller=50 total=1000
    | [equivalence] running Path A (direct)...
    | [equivalence] direct: 1000 trx, 1000 trx_line, 0 pool_state, 1000 posting_line, 0 provisional (2.78s)
    | [equivalence] resetting + reseeding universe for Path B...
    | seed-pools: 100 pools, 10 skus, 10 locations, mix=AllStd → seeded
    | [equivalence] running Path B (routed)...
    | [equivalence] routed: 1000 trx, 1000 trx_line, 0 pool_state, 1000 posting_line, 0 provisional (1.14s)
    | equivalence OK: scenario=s5 submissions=1000 A=1000 B=1000 trx (identical)

==> s5 strict at 17:20:53
    exit=0 log=results/phase6/equivalence/s5-strict-trial2-all-std-2026-05-23T17-18-39Z.log
    | [equivalence] scenario=s5 callers=20 submissions/caller=50 total=1000
    | [equivalence] running Path A (direct)...
    | [equivalence] direct: 1000 trx, 1000 trx_line, 0 pool_state, 1000 posting_line, 0 provisional (2.78s)
    | [equivalence] resetting + reseeding universe for Path B...
    | seed-pools: 100 pools, 10 skus, 10 locations, mix=AllStd → seeded
    | [equivalence] running Path B (routed)...
    | [equivalence] routed: 1000 trx, 1000 trx_line, 0 pool_state, 1000 posting_line, 0 provisional (1.14s)
    | equivalence OK: scenario=s5 submissions=1000 A=1000 B=1000 trx (identical)

==> s5 strict at 17:21:02
    exit=0 log=results/phase6/equivalence/s5-strict-trial3-all-std-2026-05-23T17-18-39Z.log
    | [equivalence] scenario=s5 callers=20 submissions/caller=50 total=1000
    | [equivalence] running Path A (direct)...
    | [equivalence] direct: 1000 trx, 1000 trx_line, 0 pool_state, 1000 posting_line, 0 provisional (2.78s)
    | [equivalence] resetting + reseeding universe for Path B...
    | seed-pools: 100 pools, 10 skus, 10 locations, mix=AllStd → seeded
    | [equivalence] running Path B (routed)...
    | [equivalence] routed: 1000 trx, 1000 trx_line, 0 pool_state, 1000 posting_line, 0 provisional (1.14s)
    | equivalence OK: scenario=s5 submissions=1000 A=1000 B=1000 trx (identical)

==> sweep complete at 17:21:12
==> index: results/phase6/equivalence/run-all-std-2026-05-23T17-18-39Z.log
