[equivalence] resetting + seeding universe for Path A (method_mix=AllFifo)...
seed-pools: 100 pools, 10 skus, 10 locations, mix=AllFifo → seeded
[equivalence] capping callers to 20 (universe=100)
[equivalence] scenario=s2 callers=20 submissions/caller=50 total=1000
[equivalence] running Path A (direct)...
[equivalence] direct: 1000 trx, 1092 trx_line, 370 pool_state, 1092 posting_line, 0 provisional (2.91s)
[equivalence] resetting + reseeding universe for Path B...
seed-pools: 100 pools, 10 skus, 10 locations, mix=AllFifo → seeded
[equivalence] running Path B (routed)...
[equivalence] routed: 1000 trx, 1092 trx_line, 370 pool_state, 1092 posting_line, 0 provisional (0.96s)
[equivalence] 173 FIFO drift(s) (path-dependent layer consumption under concurrent commit_groups). FIFO depletions consume oldest layer first; under different commit_group ordering the 'oldest layer' may already be drained, so per-line trx_line breakdown (qty/unit_cost) and pool_state layer composition diverge. Load-bearing invariants verified separately as errors: per-pool ∑trx_line.qty and ∑pool_state.qty match across paths.
  trx ("transfer_shipment", 539581000001000021) content differs: A has 1 lines, B has 1 lines (first diff: [0] A=TrxLineCanon { pool_id: 1, line_type: "transfer_shipment_line", source_id: Some(2), qty: -3, unit_cost: 52, postings: [PostingLineCanon { event_type: "inventory_depletion", amount: 156, debit_account: 2, credit_account: 1 }] } B=TrxLineCanon { pool_id: 1, line_type: "transfer_shipment_line", source_id: Some(2), qty: -3, unit_cost: 59, postings: [PostingLineCanon { event_type: "inventory_depletion", amount: 177, debit_account: 2, credit_account: 1 }] })
  trx ("transfer_shipment", 539581000001000027) content differs: A has 2 lines, B has 1 lines (first diff: [0] A=TrxLineCanon { pool_id: 1, line_type: "transfer_shipment_line", source_id: Some(2), qty: -2, unit_cost: 52, postings: [PostingLineCanon { event_type: "inventory_depletion", amount: 104, debit_account: 2, credit_account: 1 }] } B=TrxLineCanon { pool_id: 1, line_type: "transfer_shipment_line", source_id: Some(2), qty: -3, unit_cost: 59, postings: [PostingLineCanon { event_type: "inventory_depletion", amount: 177, debit_account: 2, credit_account: 1 }] })
  trx ("transfer_shipment", 539581000001000037) content differs: A has 1 lines, B has 1 lines (first diff: [0] A=TrxLineCanon { pool_id: 1, line_type: "transfer_shipment_line", source_id: Some(2), qty: -3, unit_cost: 73, postings: [PostingLineCanon { event_type: "inventory_depletion", amount: 219, debit_account: 2, credit_account: 1 }] } B=TrxLineCanon { pool_id: 1, line_type: "transfer_shipment_line", source_id: Some(2), qty: -3, unit_cost: 59, postings: [PostingLineCanon { event_type: "inventory_depletion", amount: 177, debit_account: 2, credit_account: 1 }] })
  trx ("transfer_shipment", 539581000001000039) content differs: A has 1 lines, B has 2 lines (first diff: [0] A=TrxLineCanon { pool_id: 1, line_type: "transfer_shipment_line", source_id: Some(2), qty: -3, unit_cost: 73, postings: [PostingLineCanon { event_type: "inventory_depletion", amount: 219, debit_account: 2, credit_account: 1 }] } B=TrxLineCanon { pool_id: 1, line_type: "transfer_shipment_line", source_id: Some(2), qty: -2, unit_cost: 66, postings: [PostingLineCanon { event_type: "inventory_depletion", amount: 132, debit_account: 2, credit_account: 1 }] })
  trx ("transfer_shipment", 539581000002000003) content differs: A has 1 lines, B has 1 lines (first diff: [0] A=TrxLineCanon { pool_id: 1, line_type: "transfer_shipment_line", source_id: Some(2), qty: -3, unit_cost: 73, postings: [PostingLineCanon { event_type: "inventory_depletion", amount: 219, debit_account: 2, credit_account: 1 }] } B=TrxLineCanon { pool_id: 1, line_type: "transfer_shipment_line", source_id: Some(2), qty: -3, unit_cost: 66, postings: [PostingLineCanon { event_type: "inventory_depletion", amount: 198, debit_account: 2, credit_account: 1 }] })
  trx ("transfer_shipment", 539581000002000007) content differs: A has 1 lines, B has 1 lines (first diff: [0] A=TrxLineCanon { pool_id: 1, line_type: "transfer_shipment_line", source_id: Some(2), qty: -3, unit_cost: 80, postings: [PostingLineCanon { event_type: "inventory_depletion", amount: 240, debit_account: 2, credit_account: 1 }] } B=TrxLineCanon { pool_id: 1, line_type: "transfer_shipment_line", source_id: Some(2), qty: -3, unit_cost: 66, postings: [PostingLineCanon { event_type: "inventory_depletion", amount: 198, debit_account: 2, credit_account: 1 }] })
  trx ("transfer_shipment", 539581000002000011) content differs: A has 1 lines, B has 2 lines (first diff: [0] A=TrxLineCanon { pool_id: 1, line_type: "transfer_shipment_line", source_id: Some(2), qty: -3, unit_cost: 80, postings: [PostingLineCanon { event_type: "inventory_depletion", amount: 240, debit_account: 2, credit_account: 1 }] } B=TrxLineCanon { pool_id: 1, line_type: "transfer_shipment_line", source_id: Some(2), qty: -2, unit_cost: 66, postings: [PostingLineCanon { event_type: "inventory_depletion", amount: 132, debit_account: 2, credit_account: 1 }] })
  trx ("transfer_shipment", 539581000002000017) content differs: A has 1 lines, B has 1 lines (first diff: [0] A=TrxLineCanon { pool_id: 1, line_type: "transfer_shipment_line", source_id: Some(2), qty: -3, unit_cost: 80, postings: [PostingLineCanon { event_type: "inventory_depletion", amount: 240, debit_account: 2, credit_account: 1 }] } B=TrxLineCanon { pool_id: 1, line_type: "transfer_shipment_line", source_id: Some(2), qty: -3, unit_cost: 73, postings: [PostingLineCanon { event_type: "inventory_depletion", amount: 219, debit_account: 2, credit_account: 1 }] })
  trx ("transfer_shipment", 539581000002000019) content differs: A has 2 lines, B has 1 lines (first diff: [0] A=TrxLineCanon { pool_id: 1, line_type: "transfer_shipment_line", source_id: Some(2), qty: -2, unit_cost: 122, postings: [PostingLineCanon { event_type: "inventory_depletion", amount: 244, debit_account: 2, credit_account: 1 }] } B=TrxLineCanon { pool_id: 1, line_type: "transfer_shipment_line", source_id: Some(2), qty: -3, unit_cost: 73, postings: [PostingLineCanon { event_type: "inventory_depletion", amount: 219, debit_account: 2, credit_account: 1 }] })
  trx ("transfer_shipment", 539581000002000021) content differs: A has 1 lines, B has 1 lines (first diff: [0] A=TrxLineCanon { pool_id: 1, line_type: "transfer_shipment_line", source_id: Some(2), qty: -3, unit_cost: 122, postings: [PostingLineCanon { event_type: "inventory_depletion", amount: 366, debit_account: 2, credit_account: 1 }] } B=TrxLineCanon { pool_id: 1, line_type: "transfer_shipment_line", source_id: Some(2), qty: -3, unit_cost: 73, postings: [PostingLineCanon { event_type: "inventory_depletion", amount: 219, debit_account: 2, credit_account: 1 }] })
  ... 163 more FIFO drifts suppressed
EQUIVALENCE FAILED (strict): 173 FIFO drifts upgraded to errors
equivalence failed: 173 mismatches
