[equivalence] resetting + seeding universe for Path A (method_mix=AllFifo)...
seed-pools: 100 pools, 10 skus, 10 locations, mix=AllFifo → seeded
[equivalence] capping callers to 20 (universe=100)
[equivalence] scenario=s2 callers=20 submissions/caller=50 total=1000
[equivalence] running Path A (direct)...
[equivalence] direct: 1000 trx, 1092 trx_line, 370 pool_state, 1092 posting_line, 0 provisional (2.87s)
[equivalence] resetting + reseeding universe for Path B...
seed-pools: 100 pools, 10 skus, 10 locations, mix=AllFifo → seeded
[equivalence] running Path B (routed)...
[equivalence] routed: 1000 trx, 1092 trx_line, 370 pool_state, 1092 posting_line, 0 provisional (0.98s)
[equivalence] 49 FIFO drift(s) (path-dependent layer consumption under concurrent commit_groups). FIFO depletions consume oldest layer first; under different commit_group ordering the 'oldest layer' may already be drained, so per-line trx_line breakdown (qty/unit_cost) and pool_state layer composition diverge. Load-bearing invariants verified separately as errors: per-pool ∑trx_line.qty and ∑pool_state.qty match across paths.
  trx ("transfer_shipment", 539571000017000033) content differs: A has 1 lines, B has 2 lines (first diff: [0] A=TrxLineCanon { pool_id: 1, line_type: "transfer_shipment_line", source_id: Some(2), qty: -3, unit_cost: 157, postings: [PostingLineCanon { event_type: "inventory_depletion", amount: 471, debit_account: 2, credit_account: 1 }] } B=TrxLineCanon { pool_id: 1, line_type: "transfer_shipment_line", source_id: Some(2), qty: -2, unit_cost: 164, postings: [PostingLineCanon { event_type: "inventory_depletion", amount: 328, debit_account: 2, credit_account: 1 }] })
  trx ("transfer_shipment", 539571000017000035) content differs: A has 1 lines, B has 1 lines (first diff: [0] A=TrxLineCanon { pool_id: 1, line_type: "transfer_shipment_line", source_id: Some(2), qty: -3, unit_cost: 157, postings: [PostingLineCanon { event_type: "inventory_depletion", amount: 471, debit_account: 2, credit_account: 1 }] } B=TrxLineCanon { pool_id: 1, line_type: "transfer_shipment_line", source_id: Some(2), qty: -3, unit_cost: 164, postings: [PostingLineCanon { event_type: "inventory_depletion", amount: 492, debit_account: 2, credit_account: 1 }] })
  trx ("transfer_shipment", 539571000017000045) content differs: A has 2 lines, B has 1 lines (first diff: [0] A=TrxLineCanon { pool_id: 1, line_type: "transfer_shipment_line", source_id: Some(2), qty: -2, unit_cost: 164, postings: [PostingLineCanon { event_type: "inventory_depletion", amount: 328, debit_account: 2, credit_account: 1 }] } B=TrxLineCanon { pool_id: 1, line_type: "transfer_shipment_line", source_id: Some(2), qty: -3, unit_cost: 164, postings: [PostingLineCanon { event_type: "inventory_depletion", amount: 492, debit_account: 2, credit_account: 1 }] })
  trx ("transfer_shipment", 539571000017000047) content differs: A has 1 lines, B has 2 lines (first diff: [0] A=TrxLineCanon { pool_id: 1, line_type: "transfer_shipment_line", source_id: Some(2), qty: -3, unit_cost: 164, postings: [PostingLineCanon { event_type: "inventory_depletion", amount: 492, debit_account: 2, credit_account: 1 }] } B=TrxLineCanon { pool_id: 1, line_type: "transfer_shipment_line", source_id: Some(2), qty: -2, unit_cost: 164, postings: [PostingLineCanon { event_type: "inventory_depletion", amount: 328, debit_account: 2, credit_account: 1 }] })
  trx ("transfer_shipment", 539571000018000003) content differs: A has 1 lines, B has 1 lines (first diff: [0] A=TrxLineCanon { pool_id: 1, line_type: "transfer_shipment_line", source_id: Some(2), qty: -3, unit_cost: 164, postings: [PostingLineCanon { event_type: "inventory_depletion", amount: 492, debit_account: 2, credit_account: 1 }] } B=TrxLineCanon { pool_id: 1, line_type: "transfer_shipment_line", source_id: Some(2), qty: -3, unit_cost: 171, postings: [PostingLineCanon { event_type: "inventory_depletion", amount: 513, debit_account: 2, credit_account: 1 }] })
  trx ("transfer_shipment", 539571000018000005) content differs: A has 2 lines, B has 1 lines (first diff: [0] A=TrxLineCanon { pool_id: 1, line_type: "transfer_shipment_line", source_id: Some(2), qty: -2, unit_cost: 164, postings: [PostingLineCanon { event_type: "inventory_depletion", amount: 328, debit_account: 2, credit_account: 1 }] } B=TrxLineCanon { pool_id: 1, line_type: "transfer_shipment_line", source_id: Some(2), qty: -3, unit_cost: 171, postings: [PostingLineCanon { event_type: "inventory_depletion", amount: 513, debit_account: 2, credit_account: 1 }] })
  trx ("transfer_shipment", 539571000018000013) content differs: A has 1 lines, B has 1 lines (first diff: [0] A=TrxLineCanon { pool_id: 1, line_type: "transfer_shipment_line", source_id: Some(2), qty: -3, unit_cost: 171, postings: [PostingLineCanon { event_type: "inventory_depletion", amount: 513, debit_account: 2, credit_account: 1 }] } B=TrxLineCanon { pool_id: 1, line_type: "transfer_shipment_line", source_id: Some(2), qty: -3, unit_cost: 178, postings: [PostingLineCanon { event_type: "inventory_depletion", amount: 534, debit_account: 2, credit_account: 1 }] })
  trx ("transfer_shipment", 539571000018000019) content differs: A has 1 lines, B has 1 lines (first diff: [0] A=TrxLineCanon { pool_id: 1, line_type: "transfer_shipment_line", source_id: Some(2), qty: -3, unit_cost: 171, postings: [PostingLineCanon { event_type: "inventory_depletion", amount: 513, debit_account: 2, credit_account: 1 }] } B=TrxLineCanon { pool_id: 1, line_type: "transfer_shipment_line", source_id: Some(2), qty: -3, unit_cost: 178, postings: [PostingLineCanon { event_type: "inventory_depletion", amount: 534, debit_account: 2, credit_account: 1 }] })
  trx ("transfer_shipment", 539571000018000031) content differs: A has 1 lines, B has 2 lines (first diff: [0] A=TrxLineCanon { pool_id: 1, line_type: "transfer_shipment_line", source_id: Some(2), qty: -3, unit_cost: 178, postings: [PostingLineCanon { event_type: "inventory_depletion", amount: 534, debit_account: 2, credit_account: 1 }] } B=TrxLineCanon { pool_id: 1, line_type: "transfer_shipment_line", source_id: Some(2), qty: -2, unit_cost: 73, postings: [PostingLineCanon { event_type: "inventory_depletion", amount: 146, debit_account: 2, credit_account: 1 }] })
  trx ("transfer_shipment", 539571000018000037) content differs: A has 1 lines, B has 1 lines (first diff: [0] A=TrxLineCanon { pool_id: 1, line_type: "transfer_shipment_line", source_id: Some(2), qty: -3, unit_cost: 178, postings: [PostingLineCanon { event_type: "inventory_depletion", amount: 534, debit_account: 2, credit_account: 1 }] } B=TrxLineCanon { pool_id: 1, line_type: "transfer_shipment_line", source_id: Some(2), qty: -3, unit_cost: 73, postings: [PostingLineCanon { event_type: "inventory_depletion", amount: 219, debit_account: 2, credit_account: 1 }] })
  ... 39 more FIFO drifts suppressed
EQUIVALENCE FAILED (strict): 49 FIFO drifts upgraded to errors
equivalence failed: 49 mismatches
