[equivalence] resetting + seeding universe for Path A (method_mix=AllFifo)...
seed-pools: 100 pools, 10 skus, 10 locations, mix=AllFifo → seeded
[equivalence] scenario=s3 callers=10 submissions/caller=50 total=500
[equivalence] running Path A (direct)...
[equivalence] direct: 500 trx, 7976 trx_line, 7676 pool_state, 7976 posting_line, 0 provisional (2.36s)
[equivalence] resetting + reseeding universe for Path B...
seed-pools: 100 pools, 10 skus, 10 locations, mix=AllFifo → seeded
[equivalence] running Path B (routed)...
[equivalence] routed: 500 trx, 7976 trx_line, 7676 pool_state, 7976 posting_line, 0 provisional (1.33s)
[equivalence] 51 FIFO drift(s) (path-dependent layer consumption under concurrent commit_groups). FIFO depletions consume oldest layer first; under different commit_group ordering the 'oldest layer' may already be drained, so per-line trx_line breakdown (qty/unit_cost) and pool_state layer composition diverge. Load-bearing invariants verified separately as errors: per-pool ∑trx_line.qty and ∑pool_state.qty match across paths.
  pool_state[520] A=PoolStateRow { pool_id: 7, layer_seq: 33, qty: 10, unit_cost: 122 } B=PoolStateRow { pool_id: 7, layer_seq: 33, qty: 10, unit_cost: 115 }
  pool_state[521] A=PoolStateRow { pool_id: 7, layer_seq: 34, qty: 10, unit_cost: 17 } B=PoolStateRow { pool_id: 7, layer_seq: 34, qty: 10, unit_cost: 115 }
  pool_state[522] A=PoolStateRow { pool_id: 7, layer_seq: 35, qty: 10, unit_cost: 17 } B=PoolStateRow { pool_id: 7, layer_seq: 35, qty: 10, unit_cost: 115 }
  pool_state[523] A=PoolStateRow { pool_id: 7, layer_seq: 36, qty: 10, unit_cost: 66 } B=PoolStateRow { pool_id: 7, layer_seq: 36, qty: 10, unit_cost: 115 }
  pool_state[524] A=PoolStateRow { pool_id: 7, layer_seq: 37, qty: 10, unit_cost: 66 } B=PoolStateRow { pool_id: 7, layer_seq: 37, qty: 10, unit_cost: 122 }
  pool_state[525] A=PoolStateRow { pool_id: 7, layer_seq: 38, qty: 10, unit_cost: 87 } B=PoolStateRow { pool_id: 7, layer_seq: 38, qty: 10, unit_cost: 17 }
  pool_state[526] A=PoolStateRow { pool_id: 7, layer_seq: 39, qty: 10, unit_cost: 94 } B=PoolStateRow { pool_id: 7, layer_seq: 39, qty: 10, unit_cost: 17 }
  pool_state[527] A=PoolStateRow { pool_id: 7, layer_seq: 40, qty: 10, unit_cost: 129 } B=PoolStateRow { pool_id: 7, layer_seq: 40, qty: 10, unit_cost: 66 }
  pool_state[528] A=PoolStateRow { pool_id: 7, layer_seq: 41, qty: 10, unit_cost: 143 } B=PoolStateRow { pool_id: 7, layer_seq: 41, qty: 10, unit_cost: 66 }
  pool_state[529] A=PoolStateRow { pool_id: 7, layer_seq: 42, qty: 10, unit_cost: 38 } B=PoolStateRow { pool_id: 7, layer_seq: 42, qty: 10, unit_cost: 87 }
  ... 41 more FIFO drifts suppressed
equivalence OK: scenario=s3 submissions=500 A=500 B=500 trx (51 FIFO drift(s), ignored)
