[equivalence] resetting + seeding universe for Path A...
seed-pools: 100 pools, 10 skus, 10 locations, mix=AllWac → seeded
[equivalence] capping callers to 20 (universe=100)
[equivalence] scenario=s4 callers=20 submissions/caller=50 total=1000
[equivalence] running Path A (direct)...
[equivalence] direct: 1000 trx, 29785 trx_line, 100 pool_state, 29785 posting_line (6.74s)
[equivalence] resetting + reseeding universe for Path B...
seed-pools: 100 pools, 10 skus, 10 locations, mix=AllWac → seeded
[equivalence] running Path B (routed)...
[equivalence] routed: 1000 trx, 29785 trx_line, 100 pool_state, 29785 posting_line (3.43s)
[equivalence] 10 WAC unit_cost drift(s) (acct-mcey property — bounded by per-pool truncation accumulation across reordered commit_groups):
  pool_state[4] pool=5 qty=60209 unit_cost A=219 B=220 (Δ=-1; method=wac)
  pool_state[18] pool=19 qty=12384 unit_cost A=415 B=414 (Δ=1; method=wac)
  pool_state[19] pool=20 qty=11649 unit_cost A=464 B=463 (Δ=1; method=wac)
  pool_state[23] pool=24 qty=10451 unit_cost A=453 B=452 (Δ=1; method=wac)
  pool_state[24] pool=25 qty=8662 unit_cost A=475 B=476 (Δ=-1; method=wac)
  pool_state[35] pool=36 qty=6684 unit_cost A=492 B=493 (Δ=-1; method=wac)
  pool_state[40] pool=41 qty=4345 unit_cost A=488 B=490 (Δ=-2; method=wac)
  pool_state[43] pool=44 qty=4735 unit_cost A=433 B=432 (Δ=1; method=wac)
  pool_state[59] pool=60 qty=3432 unit_cost A=463 B=464 (Δ=-1; method=wac)
  pool_state[75] pool=76 qty=1604 unit_cost A=573 B=572 (Δ=1; method=wac)
EQUIVALENCE FAILED (strict): 10 WAC drifts upgraded to errors
equivalence failed: 10 mismatches
