[equivalence] resetting + seeding universe for Path A...
seed-pools: 100 pools, 10 skus, 10 locations, mix=AllWac → seeded
[equivalence] capping callers to 20 (universe=100)
[equivalence] scenario=s4 callers=20 submissions/caller=50 total=1000
[equivalence] running Path A (direct)...
[equivalence] direct: 1000 trx, 29785 trx_line, 100 pool_state, 29785 posting_line (6.55s)
[equivalence] resetting + reseeding universe for Path B...
seed-pools: 100 pools, 10 skus, 10 locations, mix=AllWac → seeded
[equivalence] running Path B (routed)...
[equivalence] routed: 1000 trx, 29785 trx_line, 100 pool_state, 29785 posting_line (3.48s)
[equivalence] 19 WAC unit_cost drift(s) (acct-mcey property — bounded by per-pool truncation accumulation across reordered commit_groups):
  pool_state[3] pool=4 qty=79513 unit_cost A=155 B=154 (Δ=1; method=wac)
  pool_state[4] pool=5 qty=60209 unit_cost A=219 B=220 (Δ=-1; method=wac)
  pool_state[5] pool=6 qty=48345 unit_cost A=290 B=291 (Δ=-1; method=wac)
  pool_state[7] pool=8 qty=34731 unit_cost A=336 B=337 (Δ=-1; method=wac)
  pool_state[8] pool=9 qty=32211 unit_cost A=361 B=360 (Δ=1; method=wac)
  pool_state[11] pool=12 qty=21413 unit_cost A=403 B=402 (Δ=1; method=wac)
  pool_state[17] pool=18 qty=12373 unit_cost A=448 B=447 (Δ=1; method=wac)
  pool_state[18] pool=19 qty=12384 unit_cost A=415 B=414 (Δ=1; method=wac)
  pool_state[19] pool=20 qty=11649 unit_cost A=464 B=463 (Δ=1; method=wac)
  pool_state[23] pool=24 qty=10451 unit_cost A=453 B=452 (Δ=1; method=wac)
  ... 9 more WAC drifts suppressed
EQUIVALENCE FAILED (strict): 19 WAC drifts upgraded to errors
equivalence failed: 19 mismatches
