[equivalence] resetting + seeding universe for Path A (method_mix=AllFifo)...
seed-pools: 100 pools, 10 skus, 10 locations, mix=AllFifo → seeded
[equivalence] capping callers to 20 (universe=100)
[equivalence] scenario=s5 callers=20 submissions/caller=50 total=1000
[equivalence] running Path A (direct)...
[equivalence] direct: 1000 trx, 1100 trx_line, 350 pool_state, 1100 posting_line, 0 provisional (3.13s)
[equivalence] resetting + reseeding universe for Path B...
seed-pools: 100 pools, 10 skus, 10 locations, mix=AllFifo → seeded
[equivalence] running Path B (routed)...
[equivalence] routed: 1000 trx, 1100 trx_line, 350 pool_state, 1100 posting_line, 0 provisional (1.14s)
[equivalence] 158 FIFO drift(s) (path-dependent layer consumption under concurrent commit_groups). FIFO depletions consume oldest layer first; under different commit_group ordering the 'oldest layer' may already be drained, so per-line trx_line breakdown (qty/unit_cost) and pool_state layer composition diverge. Load-bearing invariants verified separately as errors: per-pool ∑trx_line.qty and ∑pool_state.qty match across paths.
  trx ("transfer_shipment", 539661000000000001) content differs: A has 1 lines, B has 1 lines (first diff: [0] A=TrxLineCanon { pool_id: 1, line_type: "transfer_shipment_line", source_id: Some(2), qty: -3, unit_cost: 10, postings: [PostingLineCanon { event_type: "inventory_depletion", amount: 30, debit_account: 2, credit_account: 1 }] } B=TrxLineCanon { pool_id: 1, line_type: "transfer_shipment_line", source_id: Some(2), qty: -3, unit_cost: 108, postings: [PostingLineCanon { event_type: "inventory_depletion", amount: 324, debit_account: 2, credit_account: 1 }] })
  trx ("transfer_shipment", 539661000000000003) content differs: A has 1 lines, B has 1 lines (first diff: [0] A=TrxLineCanon { pool_id: 1, line_type: "transfer_shipment_line", source_id: Some(2), qty: -3, unit_cost: 10, postings: [PostingLineCanon { event_type: "inventory_depletion", amount: 30, debit_account: 2, credit_account: 1 }] } B=TrxLineCanon { pool_id: 1, line_type: "transfer_shipment_line", source_id: Some(2), qty: -3, unit_cost: 115, postings: [PostingLineCanon { event_type: "inventory_depletion", amount: 345, debit_account: 2, credit_account: 1 }] })
  trx ("transfer_shipment", 539661000000000005) content differs: A has 1 lines, B has 1 lines (first diff: [0] A=TrxLineCanon { pool_id: 1, line_type: "transfer_shipment_line", source_id: Some(2), qty: -3, unit_cost: 10, postings: [PostingLineCanon { event_type: "inventory_depletion", amount: 30, debit_account: 2, credit_account: 1 }] } B=TrxLineCanon { pool_id: 1, line_type: "transfer_shipment_line", source_id: Some(2), qty: -3, unit_cost: 115, postings: [PostingLineCanon { event_type: "inventory_depletion", amount: 345, debit_account: 2, credit_account: 1 }] })
  trx ("transfer_shipment", 539661000000000007) content differs: A has 2 lines, B has 1 lines (first diff: [0] A=TrxLineCanon { pool_id: 1, line_type: "transfer_shipment_line", source_id: Some(2), qty: -2, unit_cost: 17, postings: [PostingLineCanon { event_type: "inventory_depletion", amount: 34, debit_account: 2, credit_account: 1 }] } B=TrxLineCanon { pool_id: 1, line_type: "transfer_shipment_line", source_id: Some(2), qty: -3, unit_cost: 115, postings: [PostingLineCanon { event_type: "inventory_depletion", amount: 345, debit_account: 2, credit_account: 1 }] })
  trx ("transfer_shipment", 539661000000000009) content differs: A has 1 lines, B has 2 lines (first diff: [0] A=TrxLineCanon { pool_id: 1, line_type: "transfer_shipment_line", source_id: Some(2), qty: -3, unit_cost: 17, postings: [PostingLineCanon { event_type: "inventory_depletion", amount: 51, debit_account: 2, credit_account: 1 }] } B=TrxLineCanon { pool_id: 1, line_type: "transfer_shipment_line", source_id: Some(2), qty: -2, unit_cost: 122, postings: [PostingLineCanon { event_type: "inventory_depletion", amount: 244, debit_account: 2, credit_account: 1 }] })
  trx ("transfer_shipment", 539661000000000011) content differs: A has 1 lines, B has 1 lines (first diff: [0] A=TrxLineCanon { pool_id: 1, line_type: "transfer_shipment_line", source_id: Some(2), qty: -3, unit_cost: 17, postings: [PostingLineCanon { event_type: "inventory_depletion", amount: 51, debit_account: 2, credit_account: 1 }] } B=TrxLineCanon { pool_id: 1, line_type: "transfer_shipment_line", source_id: Some(2), qty: -3, unit_cost: 122, postings: [PostingLineCanon { event_type: "inventory_depletion", amount: 366, debit_account: 2, credit_account: 1 }] })
  trx ("transfer_shipment", 539661000000000013) content differs: A has 2 lines, B has 1 lines (first diff: [0] A=TrxLineCanon { pool_id: 1, line_type: "transfer_shipment_line", source_id: Some(2), qty: -2, unit_cost: 17, postings: [PostingLineCanon { event_type: "inventory_depletion", amount: 34, debit_account: 2, credit_account: 1 }] } B=TrxLineCanon { pool_id: 1, line_type: "transfer_shipment_line", source_id: Some(2), qty: -3, unit_cost: 122, postings: [PostingLineCanon { event_type: "inventory_depletion", amount: 366, debit_account: 2, credit_account: 1 }] })
  trx ("transfer_shipment", 539661000000000015) content differs: A has 1 lines, B has 2 lines (first diff: [0] A=TrxLineCanon { pool_id: 1, line_type: "transfer_shipment_line", source_id: Some(2), qty: -3, unit_cost: 24, postings: [PostingLineCanon { event_type: "inventory_depletion", amount: 72, debit_account: 2, credit_account: 1 }] } B=TrxLineCanon { pool_id: 1, line_type: "transfer_shipment_line", source_id: Some(2), qty: -2, unit_cost: 122, postings: [PostingLineCanon { event_type: "inventory_depletion", amount: 244, debit_account: 2, credit_account: 1 }] })
  trx ("transfer_shipment", 539661000000000017) content differs: A has 1 lines, B has 1 lines (first diff: [0] A=TrxLineCanon { pool_id: 1, line_type: "transfer_shipment_line", source_id: Some(2), qty: -3, unit_cost: 24, postings: [PostingLineCanon { event_type: "inventory_depletion", amount: 72, debit_account: 2, credit_account: 1 }] } B=TrxLineCanon { pool_id: 1, line_type: "transfer_shipment_line", source_id: Some(2), qty: -3, unit_cost: 129, postings: [PostingLineCanon { event_type: "inventory_depletion", amount: 387, debit_account: 2, credit_account: 1 }] })
  trx ("transfer_shipment", 539661000000000019) content differs: A has 1 lines, B has 1 lines (first diff: [0] A=TrxLineCanon { pool_id: 1, line_type: "transfer_shipment_line", source_id: Some(2), qty: -3, unit_cost: 24, postings: [PostingLineCanon { event_type: "inventory_depletion", amount: 72, debit_account: 2, credit_account: 1 }] } B=TrxLineCanon { pool_id: 1, line_type: "transfer_shipment_line", source_id: Some(2), qty: -3, unit_cost: 129, postings: [PostingLineCanon { event_type: "inventory_depletion", amount: 387, debit_account: 2, credit_account: 1 }] })
  ... 148 more FIFO drifts suppressed
EQUIVALENCE FAILED (strict): 158 FIFO drifts upgraded to errors
equivalence failed: 158 mismatches
